Archive member included to satisfy reference by file (symbol)

d:/ahl-gec-ide(4.42)/gcc/bin/../lib/gcc/arm-none-eabi/7.2.1/../../../../arm-none-eabi/lib/thumb/v7e-m/fpv4-sp/hard\libc_nano.a(lib_a-exit.o)
                              d:/ahl-gec-ide(4.42)/gcc/bin/../lib/gcc/arm-none-eabi/7.2.1/../../../../arm-none-eabi/lib/thumb/v7e-m/fpv4-sp/hard/crt0.o (exit)
d:/ahl-gec-ide(4.42)/gcc/bin/../lib/gcc/arm-none-eabi/7.2.1/../../../../arm-none-eabi/lib/thumb/v7e-m/fpv4-sp/hard\libc_nano.a(lib_a-impure.o)
                              d:/ahl-gec-ide(4.42)/gcc/bin/../lib/gcc/arm-none-eabi/7.2.1/../../../../arm-none-eabi/lib/thumb/v7e-m/fpv4-sp/hard\libc_nano.a(lib_a-exit.o) (_global_impure_ptr)
d:/ahl-gec-ide(4.42)/gcc/bin/../lib/gcc/arm-none-eabi/7.2.1/../../../../arm-none-eabi/lib/thumb/v7e-m/fpv4-sp/hard\libc_nano.a(lib_a-init.o)
                              d:/ahl-gec-ide(4.42)/gcc/bin/../lib/gcc/arm-none-eabi/7.2.1/../../../../arm-none-eabi/lib/thumb/v7e-m/fpv4-sp/hard/crt0.o (__libc_init_array)
d:/ahl-gec-ide(4.42)/gcc/bin/../lib/gcc/arm-none-eabi/7.2.1/../../../../arm-none-eabi/lib/thumb/v7e-m/fpv4-sp/hard\libc_nano.a(lib_a-memcpy-stub.o)
                              ./obj/flash.o (memcpy)
d:/ahl-gec-ide(4.42)/gcc/bin/../lib/gcc/arm-none-eabi/7.2.1/../../../../arm-none-eabi/lib/thumb/v7e-m/fpv4-sp/hard\libc_nano.a(lib_a-memset.o)
                              d:/ahl-gec-ide(4.42)/gcc/bin/../lib/gcc/arm-none-eabi/7.2.1/../../../../arm-none-eabi/lib/thumb/v7e-m/fpv4-sp/hard/crt0.o (memset)
d:/ahl-gec-ide(4.42)/gcc/bin/../lib/gcc/arm-none-eabi/7.2.1/../../../../arm-none-eabi/lib/thumb/v7e-m/fpv4-sp/hard\libc_nano.a(lib_a-strcat.o)
                              ./obj/uart.o (strcat)
d:/ahl-gec-ide(4.42)/gcc/bin/../lib/gcc/arm-none-eabi/7.2.1/../../../../arm-none-eabi/lib/thumb/v7e-m/fpv4-sp/hard\libc_nano.a(lib_a-strcmp.o)
                              ./obj/emuart.o (strcmp)
d:/ahl-gec-ide(4.42)/gcc/bin/../lib/gcc/arm-none-eabi/7.2.1/../../../../arm-none-eabi/lib/thumb/v7e-m/fpv4-sp/hard\libc_nano.a(lib_a-strlen.o)
                              ./obj/NumToStr.o (strlen)
d:/ahl-gec-ide(4.42)/gcc/bin/../lib/gcc/arm-none-eabi/7.2.1/../../../../arm-none-eabi/lib/thumb/v7e-m/fpv4-sp/hard\libc_nano.a(lib_a-strncmp.o)
                              ./obj/gec.o (strncmp)
d:/ahl-gec-ide(4.42)/gcc/bin/../lib/gcc/arm-none-eabi/7.2.1/thumb/v7e-m/fpv4-sp/hard\libgcc.a(_arm_addsubdf3.o)
                              ./obj/NumToStr.o (__aeabi_dsub)
d:/ahl-gec-ide(4.42)/gcc/bin/../lib/gcc/arm-none-eabi/7.2.1/thumb/v7e-m/fpv4-sp/hard\libgcc.a(_arm_muldivdf3.o)
                              ./obj/NumToStr.o (__aeabi_dmul)
d:/ahl-gec-ide(4.42)/gcc/bin/../lib/gcc/arm-none-eabi/7.2.1/thumb/v7e-m/fpv4-sp/hard\libgcc.a(_arm_cmpdf2.o)
                              ./obj/NumToStr.o (__aeabi_dcmpeq)
d:/ahl-gec-ide(4.42)/gcc/bin/../lib/gcc/arm-none-eabi/7.2.1/thumb/v7e-m/fpv4-sp/hard\libgcc.a(_arm_fixunsdfsi.o)
                              ./obj/NumToStr.o (__aeabi_d2uiz)
d:/ahl-gec-ide(4.42)/gcc/bin/../lib/gcc/arm-none-eabi/7.2.1/thumb/v7e-m/fpv4-sp/hard\libgcc.a(_aeabi_uldivmod.o)
                              ./obj/NumToStr.o (__aeabi_uldivmod)
d:/ahl-gec-ide(4.42)/gcc/bin/../lib/gcc/arm-none-eabi/7.2.1/thumb/v7e-m/fpv4-sp/hard\libgcc.a(_fixunsdfdi.o)
                              ./obj/NumToStr.o (__aeabi_d2ulz)
d:/ahl-gec-ide(4.42)/gcc/bin/../lib/gcc/arm-none-eabi/7.2.1/thumb/v7e-m/fpv4-sp/hard\libgcc.a(_udivmoddi4.o)
                              d:/ahl-gec-ide(4.42)/gcc/bin/../lib/gcc/arm-none-eabi/7.2.1/thumb/v7e-m/fpv4-sp/hard\libgcc.a(_aeabi_uldivmod.o) (__udivmoddi4)
d:/ahl-gec-ide(4.42)/gcc/bin/../lib/gcc/arm-none-eabi/7.2.1/thumb/v7e-m/fpv4-sp/hard\libgcc.a(_dvmd_tls.o)
                              d:/ahl-gec-ide(4.42)/gcc/bin/../lib/gcc/arm-none-eabi/7.2.1/thumb/v7e-m/fpv4-sp/hard\libgcc.a(_aeabi_uldivmod.o) (__aeabi_ldiv0)
d:/ahl-gec-ide(4.42)/gcc/bin/../lib/gcc/arm-none-eabi/7.2.1/../../../../arm-none-eabi/lib/thumb/v7e-m/fpv4-sp/hard\libnosys.a(_exit.o)
                              d:/ahl-gec-ide(4.42)/gcc/bin/../lib/gcc/arm-none-eabi/7.2.1/../../../../arm-none-eabi/lib/thumb/v7e-m/fpv4-sp/hard\libc_nano.a(lib_a-exit.o) (_exit)

Allocating common symbols
Common symbol       size              file

str_gyro            0x3               ./obj/main.o
sacc                0x6               ./obj/main.o
k                   0x4               ./obj/lcd.o
angle_R             0x18              ./obj/main.o
gyro_R              0x18              ./obj/main.o
str_acc             0x3               ./obj/main.o
component_fun       0x4               ./obj/gec.o
sangle              0x6               ./obj/main.o
gcRecvLen           0x2               ./obj/main.o
gcRecvDCLen         0x2               ./obj/main.o
sgyro               0x6               ./obj/main.o
str                 0xc8              ./obj/NumToStr.o
str_angle           0x3               ./obj/main.o
acc_R               0x18              ./obj/main.o
[...]
Memory Configuration

Name             Origin             Length             Attributes
INTVEC           0x0800d000         0x00000800         xr
FLASH            0x0800d800         0x00032000         xr
RAM              0x20004000         0x0000c000         xrw
*default*        0x00000000         0xffffffff

Linker script and memory map

LOAD d:/ahl-gec-ide(4.42)/gcc/bin/../lib/gcc/arm-none-eabi/7.2.1/thumb/v7e-m/fpv4-sp/hard/crti.o
LOAD d:/ahl-gec-ide(4.42)/gcc/bin/../lib/gcc/arm-none-eabi/7.2.1/thumb/v7e-m/fpv4-sp/hard/crtbegin.o
LOAD d:/ahl-gec-ide(4.42)/gcc/bin/../lib/gcc/arm-none-eabi/7.2.1/../../../../arm-none-eabi/lib/thumb/v7e-m/fpv4-sp/hard/crt0.o
LOAD ./obj/emuart.o
LOAD ./obj/adc.o
LOAD ./obj/system_stm32l4xx.o
LOAD ./obj/main.o
LOAD ./obj/flash.o
LOAD ./obj/gpio.o
LOAD ./obj/wdog.o
LOAD ./obj/spi.o
LOAD ./obj/NumToStr.o
LOAD ./obj/gec.o
LOAD ./obj/uart.o
LOAD ./obj/lcd.o
LOAD ./obj/isr.o
LOAD ./obj/printf.o
LOAD ./obj/startup_stm32l431rctx.o
START GROUP
LOAD d:/ahl-gec-ide(4.42)/gcc/bin/../lib/gcc/arm-none-eabi/7.2.1/../../../../arm-none-eabi/lib/thumb/v7e-m/fpv4-sp/hard\libstdc++_nano.a
LOAD d:/ahl-gec-ide(4.42)/gcc/bin/../lib/gcc/arm-none-eabi/7.2.1/../../../../arm-none-eabi/lib/thumb/v7e-m/fpv4-sp/hard\libsupc++_nano.a
END GROUP
LOAD d:/ahl-gec-ide(4.42)/gcc/bin/../lib/gcc/arm-none-eabi/7.2.1/../../../../arm-none-eabi/lib/thumb/v7e-m/fpv4-sp/hard\libstdc++_nano.a
LOAD d:/ahl-gec-ide(4.42)/gcc/bin/../lib/gcc/arm-none-eabi/7.2.1/../../../../arm-none-eabi/lib/thumb/v7e-m/fpv4-sp/hard\libm.a
LOAD d:/ahl-gec-ide(4.42)/gcc/bin/../lib/gcc/arm-none-eabi/7.2.1/../../../../arm-none-eabi/lib/thumb/v7e-m/fpv4-sp/hard\libc_nano.a
START GROUP
LOAD d:/ahl-gec-ide(4.42)/gcc/bin/../lib/gcc/arm-none-eabi/7.2.1/thumb/v7e-m/fpv4-sp/hard\libgcc.a
LOAD d:/ahl-gec-ide(4.42)/gcc/bin/../lib/gcc/arm-none-eabi/7.2.1/../../../../arm-none-eabi/lib/thumb/v7e-m/fpv4-sp/hard\libc_nano.a
END GROUP
START GROUP
LOAD d:/ahl-gec-ide(4.42)/gcc/bin/../lib/gcc/arm-none-eabi/7.2.1/thumb/v7e-m/fpv4-sp/hard\libgcc.a
LOAD d:/ahl-gec-ide(4.42)/gcc/bin/../lib/gcc/arm-none-eabi/7.2.1/../../../../arm-none-eabi/lib/thumb/v7e-m/fpv4-sp/hard\libc_nano.a
LOAD d:/ahl-gec-ide(4.42)/gcc/bin/../lib/gcc/arm-none-eabi/7.2.1/../../../../arm-none-eabi/lib/thumb/v7e-m/fpv4-sp/hard\libnosys.a
END GROUP
START GROUP
LOAD d:/ahl-gec-ide(4.42)/gcc/bin/../lib/gcc/arm-none-eabi/7.2.1/thumb/v7e-m/fpv4-sp/hard\libgcc.a
LOAD d:/ahl-gec-ide(4.42)/gcc/bin/../lib/gcc/arm-none-eabi/7.2.1/../../../../arm-none-eabi/lib/thumb/v7e-m/fpv4-sp/hard\libc_nano.a
LOAD d:/ahl-gec-ide(4.42)/gcc/bin/../lib/gcc/arm-none-eabi/7.2.1/../../../../arm-none-eabi/lib/thumb/v7e-m/fpv4-sp/hard\libnosys.a
END GROUP
LOAD d:/ahl-gec-ide(4.42)/gcc/bin/../lib/gcc/arm-none-eabi/7.2.1/thumb/v7e-m/fpv4-sp/hard/crtend.o
LOAD d:/ahl-gec-ide(4.42)/gcc/bin/../lib/gcc/arm-none-eabi/7.2.1/thumb/v7e-m/fpv4-sp/hard/crtn.o
                0x00000800                MCU_SECTORSIZE = 0x800
                0x08000000                MCU_FLASH_ADDR_START = 0x8000000
                0x0000001a                GEC_USER_SECTOR_START = 0x1a
                0x0000007e                GEC_USER_SECTOR_END = 0x7e
                0x20004000                GEC_USER_RAM_START = 0x20004000
                0x2000ffff                GEC_USER_RAM_END = 0x2000ffff
                0x2000ffff                _estack = 0x2000ffff
                0x00000200                _Min_Heap_Size = 0x200
                0x00000400                _Min_Stack_Size = 0x400

.isr_vector     0x0800d000      0x190
                0x0800d000                . = ALIGN (0x8)
 *(.isr_vector)
 .isr_vector    0x0800d000      0x18c ./obj/startup_stm32l431rctx.o
                0x0800d000                g_pfnVectors
                0x0800d190                . = ALIGN (0x8)
 *fill*         0x0800d18c        0x4 

.text           0x0800d800     0x1f10
                0x0800d800                . = ALIGN (0x8)
 *(.text)
 .text          0x0800d800       0x40 d:/ahl-gec-ide(4.42)/gcc/bin/../lib/gcc/arm-none-eabi/7.2.1/thumb/v7e-m/fpv4-sp/hard/crtbegin.o
 .text          0x0800d840       0x10 d:/ahl-gec-ide(4.42)/gcc/bin/../lib/gcc/arm-none-eabi/7.2.1/../../../../arm-none-eabi/lib/thumb/v7e-m/fpv4-sp/hard\libc_nano.a(lib_a-strlen.o)
                0x0800d840                strlen
 .text          0x0800d850      0x378 d:/ahl-gec-ide(4.42)/gcc/bin/../lib/gcc/arm-none-eabi/7.2.1/thumb/v7e-m/fpv4-sp/hard\libgcc.a(_arm_addsubdf3.o)
                0x0800d850                __aeabi_drsub
                0x0800d858                __aeabi_dsub
                0x0800d858                __subdf3
                0x0800d85c                __aeabi_dadd
                0x0800d85c                __adddf3
                0x0800dad4                __floatunsidf
                0x0800dad4                __aeabi_ui2d
                0x0800daf4                __floatsidf
                0x0800daf4                __aeabi_i2d
                0x0800db18                __aeabi_f2d
                0x0800db18                __extendsfdf2
                0x0800db5c                __floatundidf
                0x0800db5c                __aeabi_ul2d
                0x0800db6c                __floatdidf
                0x0800db6c                __aeabi_l2d
 .text          0x0800dbc8      0x424 d:/ahl-gec-ide(4.42)/gcc/bin/../lib/gcc/arm-none-eabi/7.2.1/thumb/v7e-m/fpv4-sp/hard\libgcc.a(_arm_muldivdf3.o)
                0x0800dbc8                __aeabi_dmul
                0x0800dbc8                __muldf3
                0x0800de1c                __divdf3
                0x0800de1c                __aeabi_ddiv
 .text          0x0800dfec      0x110 d:/ahl-gec-ide(4.42)/gcc/bin/../lib/gcc/arm-none-eabi/7.2.1/thumb/v7e-m/fpv4-sp/hard\libgcc.a(_arm_cmpdf2.o)
                0x0800dfec                __gtdf2
                0x0800dfec                __gedf2
                0x0800dff4                __ltdf2
                0x0800dff4                __ledf2
                0x0800dffc                __nedf2
                0x0800dffc                __eqdf2
                0x0800dffc                __cmpdf2
                0x0800e078                __aeabi_cdrcmple
                0x0800e088                __aeabi_cdcmpeq
                0x0800e088                __aeabi_cdcmple
                0x0800e098                __aeabi_dcmpeq
                0x0800e0ac                __aeabi_dcmplt
                0x0800e0c0                __aeabi_dcmple
                0x0800e0d4                __aeabi_dcmpge
                0x0800e0e8                __aeabi_dcmpgt
 .text          0x0800e0fc       0x40 d:/ahl-gec-ide(4.42)/gcc/bin/../lib/gcc/arm-none-eabi/7.2.1/thumb/v7e-m/fpv4-sp/hard\libgcc.a(_arm_fixunsdfsi.o)
                0x0800e0fc                __aeabi_d2uiz
                0x0800e0fc                __fixunsdfsi
 .text          0x0800e13c       0x30 d:/ahl-gec-ide(4.42)/gcc/bin/../lib/gcc/arm-none-eabi/7.2.1/thumb/v7e-m/fpv4-sp/hard\libgcc.a(_aeabi_uldivmod.o)
                0x0800e13c                __aeabi_uldivmod
 .text          0x0800e16c       0x44 d:/ahl-gec-ide(4.42)/gcc/bin/../lib/gcc/arm-none-eabi/7.2.1/thumb/v7e-m/fpv4-sp/hard\libgcc.a(_fixunsdfdi.o)
                0x0800e16c                __fixunsdfdi
                0x0800e16c                __aeabi_d2ulz
 .text          0x0800e1b0      0x2cc d:/ahl-gec-ide(4.42)/gcc/bin/../lib/gcc/arm-none-eabi/7.2.1/thumb/v7e-m/fpv4-sp/hard\libgcc.a(_udivmoddi4.o)
                0x0800e1b0                __udivmoddi4
 .text          0x0800e47c        0x4 d:/ahl-gec-ide(4.42)/gcc/bin/../lib/gcc/arm-none-eabi/7.2.1/thumb/v7e-m/fpv4-sp/hard\libgcc.a(_dvmd_tls.o)
                0x0800e47c                __aeabi_idiv0
                0x0800e47c                __aeabi_ldiv0
 *(.text*)
 .text.SysClock_Config
                0x0800e480       0x9c ./obj/system_stm32l4xx.o
                0x0800e480                SysClock_Config
 .text.SystemInit
                0x0800e51c       0x50 ./obj/system_stm32l4xx.o
                0x0800e51c                SystemInit
 .text.main_Dly_ms
                0x0800e56c       0x16 ./obj/main.o
                0x0800e56c                main_Dly_ms
 *fill*         0x0800e582        0x2 
 .text.main     0x0800e584      0x134 ./obj/main.o
                0x0800e584                main
 .text.flash_erase
                0x0800e6b8       0x58 ./obj/flash.o
                0x0800e6b8                flash_erase
 .text.flash_read_logic
                0x0800e710       0x12 ./obj/flash.o
                0x0800e710                flash_read_logic
 .text.flash_read_physical
                0x0800e722        0x8 ./obj/flash.o
                0x0800e722                flash_read_physical
 .text.flash_isempty
                0x0800e72a       0x3e ./obj/flash.o
                0x0800e72a                flash_isempty
 .text.flash_write_DoubleWord
                0x0800e768       0x38 ./obj/flash.o
                0x0800e768                flash_write_DoubleWord
 .text.flash_Best
                0x0800e7a0       0x6c ./obj/flash.o
                0x0800e7a0                flash_Best
 .text.flash_write
                0x0800e80c       0x9c ./obj/flash.o
                0x0800e80c                flash_write
 .text.flash_write_physical
                0x0800e8a8       0x2c ./obj/flash.o
                0x0800e8a8                flash_write_physical
 .text.gpio_get_port_pin
                0x0800e8d4        0x8 ./obj/gpio.o
                0x0800e8d4                gpio_get_port_pin
 .text.gpio_set
                0x0800e8dc       0x4c ./obj/gpio.o
                0x0800e8dc                gpio_set
 .text.gpio_init
                0x0800e928       0x70 ./obj/gpio.o
                0x0800e928                gpio_init
 .text.gpio_reverse
                0x0800e998       0x48 ./obj/gpio.o
                0x0800e998                gpio_reverse
 .text.Vectors_Init
                0x0800e9e0       0xa4 ./obj/gec.o
                0x0800e9e0                Vectors_Init
 .text.uart_is_uartNo
                0x0800ea84       0x10 ./obj/uart.o
                0x0800ea84                uart_is_uartNo
 .text.uart_init
                0x0800ea94      0x14c ./obj/uart.o
                0x0800ea94                uart_init
 .text.uart_send1
                0x0800ebe0       0x48 ./obj/uart.o
                0x0800ebe0                uart_send1
 .text.uart_re1
                0x0800ec28       0x50 ./obj/uart.o
                0x0800ec28                uart_re1
 .text.uart_enable_re_int
                0x0800ec78       0x40 ./obj/uart.o
                0x0800ec78                uart_enable_re_int
 .text.uart_get_re_int
                0x0800ecb8       0x38 ./obj/uart.o
                0x0800ecb8                uart_get_re_int
 .text.useremuart_frame
                0x0800ecf0       0x3c ./obj/isr.o
                0x0800ecf0                useremuart_frame
 .text.USART2_IRQHandler
                0x0800ed2c       0x7c ./obj/isr.o
                0x0800ed2c                USART2_IRQHandler
 .text.printk_putc
                0x0800eda8       0x2a ./obj/printf.o
 .text.printk_mknumstr
                0x0800edd2       0x68 ./obj/printf.o
 .text.printk_pad_zero
                0x0800ee3a       0x1e ./obj/printf.o
 .text.printk_pad_space
                0x0800ee58       0x1e ./obj/printf.o
 .text.out_char
                0x0800ee76        0xc ./obj/printf.o
                0x0800ee76                out_char
 *fill*         0x0800ee82        0x6 
 .text.printk_mkfloatstr
                0x0800ee88      0x1c4 ./obj/printf.o
                0x0800ee88                printk_mkfloatstr
 .text.printk   0x0800f04c      0x5b4 ./obj/printf.o
                0x0800f04c                printk
 .text.myprintf
                0x0800f600       0x28 ./obj/printf.o
                0x0800f600                myprintf
 .text.Reset_Handler
                0x0800f628       0x54 ./obj/startup_stm32l431rctx.o
                0x0800f628                Reset_Handler
 .text.Default_Handler
                0x0800f67c        0x6 ./obj/startup_stm32l431rctx.o
                0x0800f67c                RTC_Alarm_IRQHandler
                0x0800f67c                EXTI2_IRQHandler
                0x0800f67c                DebugMon_Handler
                0x0800f67c                TIM1_CC_IRQHandler
                0x0800f67c                TSC_IRQHandler
                0x0800f67c                HardFault_Handler
                0x0800f67c                SysTick_Handler
                0x0800f67c                TAMP_STAMP_IRQHandler
                0x0800f67c                PendSV_Handler
                0x0800f67c                NMI_Handler
                0x0800f67c                EXTI3_IRQHandler
                0x0800f67c                LPTIM2_IRQHandler
                0x0800f67c                I2C3_ER_IRQHandler
                0x0800f67c                EXTI0_IRQHandler
                0x0800f67c                I2C2_EV_IRQHandler
                0x0800f67c                CAN1_RX0_IRQHandler
                0x0800f67c                FPU_IRQHandler
                0x0800f67c                TIM1_UP_TIM16_IRQHandler
                0x0800f67c                UsageFault_Handler
                0x0800f67c                SPI1_IRQHandler
                0x0800f67c                TIM6_DAC_IRQHandler
                0x0800f67c                DMA2_Channel2_IRQHandler
                0x0800f67c                DMA1_Channel4_IRQHandler
                0x0800f67c                ADC1_IRQHandler
                0x0800f67c                USART3_IRQHandler
                0x0800f67c                DMA1_Channel7_IRQHandler
                0x0800f67c                CAN1_RX1_IRQHandler
                0x0800f67c                DMA2_Channel1_IRQHandler
                0x0800f67c                QUADSPI_IRQHandler
                0x0800f67c                I2C1_EV_IRQHandler
                0x0800f67c                DMA1_Channel6_IRQHandler
                0x0800f67c                DMA2_Channel4_IRQHandler
                0x0800f67c                RCC_IRQHandler
                0x0800f67c                TIM1_TRG_COM_IRQHandler
                0x0800f67c                DMA1_Channel1_IRQHandler
                0x0800f67c                Default_Handler
                0x0800f67c                DMA2_Channel7_IRQHandler
                0x0800f67c                EXTI15_10_IRQHandler
                0x0800f67c                TIM7_IRQHandler
                0x0800f67c                SDMMC1_IRQHandler
                0x0800f67c                I2C3_EV_IRQHandler
                0x0800f67c                EXTI9_5_IRQHandler
                0x0800f67c                RTC_WKUP_IRQHandler
                0x0800f67c                PVD_PVM_IRQHandler
                0x0800f67c                SPI2_IRQHandler
                0x0800f67c                MemManage_Handler
                0x0800f67c                CAN1_TX_IRQHandler
                0x0800f67c                SVC_Handler
                0x0800f67c                DMA2_Channel5_IRQHandler
                0x0800f67c                CRS_IRQHandler
                0x0800f67c                DMA1_Channel5_IRQHandler
                0x0800f67c                EXTI4_IRQHandler
                0x0800f67c                RNG_IRQHandler
                0x0800f67c                DMA1_Channel3_IRQHandler
                0x0800f67c                COMP_IRQHandler
                0x0800f67c                WWDG_IRQHandler
                0x0800f67c                LPUART1_IRQHandler
                0x0800f67c                DMA2_Channel6_IRQHandler
                0x0800f67c                TIM2_IRQHandler
                0x0800f67c                EXTI1_IRQHandler
                0x0800f67c                I2C2_ER_IRQHandler
                0x0800f67c                DMA1_Channel2_IRQHandler
                0x0800f67c                CAN1_SCE_IRQHandler
                0x0800f67c                FLASH_IRQHandler
                0x0800f67c                BusFault_Handler
                0x0800f67c                USART1_IRQHandler
                0x0800f67c                SPI3_IRQHandler
                0x0800f67c                I2C1_ER_IRQHandler
                0x0800f67c                SWPMI1_IRQHandler
                0x0800f67c                LPTIM1_IRQHandler
                0x0800f67c                SAI1_IRQHandler
                0x0800f67c                DMA2_Channel3_IRQHandler
                0x0800f67c                TIM1_BRK_TIM15_IRQHandler
 *fill*         0x0800f682        0x2 
 .text.__libc_init_array
                0x0800f684       0x48 d:/ahl-gec-ide(4.42)/gcc/bin/../lib/gcc/arm-none-eabi/7.2.1/../../../../arm-none-eabi/lib/thumb/v7e-m/fpv4-sp/hard\libc_nano.a(lib_a-init.o)
                0x0800f684                __libc_init_array
 .text.memcpy   0x0800f6cc       0x16 d:/ahl-gec-ide(4.42)/gcc/bin/../lib/gcc/arm-none-eabi/7.2.1/../../../../arm-none-eabi/lib/thumb/v7e-m/fpv4-sp/hard\libc_nano.a(lib_a-memcpy-stub.o)
                0x0800f6cc                memcpy
 .text.memset   0x0800f6e2       0x10 d:/ahl-gec-ide(4.42)/gcc/bin/../lib/gcc/arm-none-eabi/7.2.1/../../../../arm-none-eabi/lib/thumb/v7e-m/fpv4-sp/hard\libc_nano.a(lib_a-memset.o)
                0x0800f6e2                memset
 *(.glue_7)
 .glue_7        0x0800f6f2        0x0 linker stubs
 *(.glue_7t)
 .glue_7t       0x0800f6f2        0x0 linker stubs
 *(.eh_frame)
 *fill*         0x0800f6f2        0x2 
 .eh_frame      0x0800f6f4        0x0 d:/ahl-gec-ide(4.42)/gcc/bin/../lib/gcc/arm-none-eabi/7.2.1/thumb/v7e-m/fpv4-sp/hard/crtbegin.o
 *(.init)
 .init          0x0800f6f4        0x4 d:/ahl-gec-ide(4.42)/gcc/bin/../lib/gcc/arm-none-eabi/7.2.1/thumb/v7e-m/fpv4-sp/hard/crti.o
                0x0800f6f4                _init
 .init          0x0800f6f8        0x8 d:/ahl-gec-ide(4.42)/gcc/bin/../lib/gcc/arm-none-eabi/7.2.1/thumb/v7e-m/fpv4-sp/hard/crtn.o
 *(.fini)
 .fini          0x0800f700        0x4 d:/ahl-gec-ide(4.42)/gcc/bin/../lib/gcc/arm-none-eabi/7.2.1/thumb/v7e-m/fpv4-sp/hard/crti.o
                0x0800f700                _fini
 .fini          0x0800f704        0x8 d:/ahl-gec-ide(4.42)/gcc/bin/../lib/gcc/arm-none-eabi/7.2.1/thumb/v7e-m/fpv4-sp/hard/crtn.o
                0x0800f710                . = ALIGN (0x8)
 *fill*         0x0800f70c        0x4 
                0x0800f710                _etext = .

.vfp11_veneer   0x0800f710        0x0
 .vfp11_veneer  0x0800f710        0x0 linker stubs

.v4_bx          0x0800f710        0x0
 .v4_bx         0x0800f710        0x0 linker stubs

.iplt           0x0800f710        0x0
 .iplt          0x0800f710        0x0 d:/ahl-gec-ide(4.42)/gcc/bin/../lib/gcc/arm-none-eabi/7.2.1/thumb/v7e-m/fpv4-sp/hard/crtbegin.o

.rodata         0x0800f710       0x88
                0x0800f710                . = ALIGN (0x8)
 *(.rodata)
 *(.rodata*)
 .rodata.main.str1.4
                0x0800f710       0x3c ./obj/main.o
 .rodata.Vectors_Init.str1.4
                0x0800f74c       0x48 ./obj/gec.o
 .rodata.USART2_IRQHandler.str1.4
                0x0800f794        0x3 ./obj/isr.o
                0x0800f798                . = ALIGN (0x8)
 *fill*         0x0800f794        0x4 

.ARM.extab      0x0800f798        0x0
                0x0800f798                . = ALIGN (0x8)
 *(.ARM.extab* .gnu.linkonce.armextab.*)
                0x0800f798                . = ALIGN (0x8)

.ARM            0x0800f798        0x8
                0x0800f798                . = ALIGN (0x8)
                0x0800f798                __exidx_start = .
 *(.ARM.exidx*)
 .ARM.exidx     0x0800f798        0x8 d:/ahl-gec-ide(4.42)/gcc/bin/../lib/gcc/arm-none-eabi/7.2.1/thumb/v7e-m/fpv4-sp/hard\libgcc.a(_udivmoddi4.o)
                0x0800f7a0                __exidx_end = .
                0x0800f7a0                . = ALIGN (0x8)

.rel.dyn        0x0800f7a0        0x0
 .rel.iplt      0x0800f7a0        0x0 d:/ahl-gec-ide(4.42)/gcc/bin/../lib/gcc/arm-none-eabi/7.2.1/thumb/v7e-m/fpv4-sp/hard/crtbegin.o

.preinit_array  0x0800f7a0        0x0
                0x0800f7a0                . = ALIGN (0x8)
                0x0800f7a0                PROVIDE (__preinit_array_start, .)
 *(.preinit_array*)
                0x0800f7a0                PROVIDE (__preinit_array_end, .)
                0x0800f7a0                . = ALIGN (0x8)

.init_array     0x0800f7a0        0x8
                0x0800f7a0                . = ALIGN (0x8)
                0x0800f7a0                PROVIDE (__init_array_start, .)
 *(SORT_BY_NAME(.init_array.*))
 *(.init_array*)
 .init_array    0x0800f7a0        0x4 d:/ahl-gec-ide(4.42)/gcc/bin/../lib/gcc/arm-none-eabi/7.2.1/thumb/v7e-m/fpv4-sp/hard/crtbegin.o
                0x0800f7a4                PROVIDE (__init_array_end, .)
                0x0800f7a8                . = ALIGN (0x8)
 *fill*         0x0800f7a4        0x4 

.fini_array     0x0800f7a8        0x8
                0x0800f7a8                . = ALIGN (0x8)
                [!provide]                PROVIDE (__fini_array_start, .)
 *(SORT_BY_NAME(.fini_array.*))
 *(.fini_array*)
 .fini_array    0x0800f7a8        0x4 d:/ahl-gec-ide(4.42)/gcc/bin/../lib/gcc/arm-none-eabi/7.2.1/thumb/v7e-m/fpv4-sp/hard/crtbegin.o
                [!provide]                PROVIDE (__fini_array_end, .)
                0x0800f7b0                . = ALIGN (0x8)
 *fill*         0x0800f7ac        0x4 
                0x0800f7b0                _sidata = LOADADDR (.data)

.data           0x20004000       0x30 load address 0x0800f7b0
                0x20004000                . = ALIGN (0x4)
                0x20004000                _sdata = .
 *(.data)
 *(.data*)
 .data.SystemCoreClock
                0x20004000        0x4 ./obj/system_stm32l4xx.o
                0x20004000                SystemCoreClock
 .data.GPIO_ARR
                0x20004004       0x18 ./obj/gpio.o
                0x20004004                GPIO_ARR
 .data.USART_ARR
                0x2000401c        0xc ./obj/uart.o
                0x2000401c                USART_ARR
 .data.table_irq_uart
                0x20004028        0x3 ./obj/uart.o
                0x20004028                table_irq_uart
 *fill*         0x2000402b        0x1 
 .data.index.7519
                0x2000402c        0x2 ./obj/isr.o
                0x20004030                . = ALIGN (0x4)
 *fill*         0x2000402e        0x2 
                0x20004030                _edata = .

.igot.plt       0x20004030        0x0 load address 0x0800f7e0
 .igot.plt      0x20004030        0x0 d:/ahl-gec-ide(4.42)/gcc/bin/../lib/gcc/arm-none-eabi/7.2.1/thumb/v7e-m/fpv4-sp/hard/crtbegin.o
                0x20004030                . = ALIGN (0x4)

.bss            0x20004030      0x89c load address 0x0800f7e0
                0x20004030                _sbss = .
                0x20004030                __bss_start__ = _sbss
 *(.bss)
 .bss           0x20004030       0x1c d:/ahl-gec-ide(4.42)/gcc/bin/../lib/gcc/arm-none-eabi/7.2.1/thumb/v7e-m/fpv4-sp/hard/crtbegin.o
 *(.bss*)
 *(COMMON)
 *fill*         0x2000404c        0x4 
 COMMON         0x20004050      0x878 ./obj/main.o
                0x20004050                str_gyro
                0x20004054                sacc
                0x20004060                angle_R
                0x20004078                gyro_R
                0x20004090                str_acc
                0x20004094                sangle
                0x2000409a                gcRecvLen
                0x2000409c                gcRecvDCLen
                0x200040a0                sgyro
                0x200040a8                str_angle
                0x200040b0                acc_R
                0x200040c8                gcRecvBuf
 COMMON         0x200048c8        0x4 ./obj/gec.o
                0x200048c8                component_fun
                0x200048cc                . = ALIGN (0x4)
                0x200048cc                _ebss = .
                0x200048cc                __bss_end__ = _ebss

/DISCARD/
 libc.a(*)
 libm.a(*)
 libgcc.a(*)

.ARM.attributes
                0x00000000       0x30
 *(.ARM.attributes)
 .ARM.attributes
                0x00000000       0x22 d:/ahl-gec-ide(4.42)/gcc/bin/../lib/gcc/arm-none-eabi/7.2.1/thumb/v7e-m/fpv4-sp/hard/crti.o
 .ARM.attributes
                0x00000022       0x34 d:/ahl-gec-ide(4.42)/gcc/bin/../lib/gcc/arm-none-eabi/7.2.1/thumb/v7e-m/fpv4-sp/hard/crtbegin.o
 .ARM.attributes
                0x00000056       0x39 ./obj/system_stm32l4xx.o
 .ARM.attributes
                0x0000008f       0x39 ./obj/main.o
 .ARM.attributes
                0x000000c8       0x39 ./obj/flash.o
 .ARM.attributes
                0x00000101       0x39 ./obj/gpio.o
 .ARM.attributes
                0x0000013a       0x39 ./obj/gec.o
 .ARM.attributes
                0x00000173       0x39 ./obj/uart.o
 .ARM.attributes
                0x000001ac       0x39 ./obj/isr.o
 .ARM.attributes
                0x000001e5       0x39 ./obj/printf.o
 .ARM.attributes
                0x0000021e       0x21 ./obj/startup_stm32l431rctx.o
 .ARM.attributes
                0x0000023f       0x34 d:/ahl-gec-ide(4.42)/gcc/bin/../lib/gcc/arm-none-eabi/7.2.1/../../../../arm-none-eabi/lib/thumb/v7e-m/fpv4-sp/hard\libc_nano.a(lib_a-init.o)
 .ARM.attributes
                0x00000273       0x34 d:/ahl-gec-ide(4.42)/gcc/bin/../lib/gcc/arm-none-eabi/7.2.1/../../../../arm-none-eabi/lib/thumb/v7e-m/fpv4-sp/hard\libc_nano.a(lib_a-memcpy-stub.o)
 .ARM.attributes
                0x000002a7       0x34 d:/ahl-gec-ide(4.42)/gcc/bin/../lib/gcc/arm-none-eabi/7.2.1/../../../../arm-none-eabi/lib/thumb/v7e-m/fpv4-sp/hard\libc_nano.a(lib_a-memset.o)
 .ARM.attributes
                0x000002db       0x1b d:/ahl-gec-ide(4.42)/gcc/bin/../lib/gcc/arm-none-eabi/7.2.1/../../../../arm-none-eabi/lib/thumb/v7e-m/fpv4-sp/hard\libc_nano.a(lib_a-strlen.o)
 .ARM.attributes
                0x000002f6       0x22 d:/ahl-gec-ide(4.42)/gcc/bin/../lib/gcc/arm-none-eabi/7.2.1/thumb/v7e-m/fpv4-sp/hard\libgcc.a(_arm_addsubdf3.o)
 .ARM.attributes
                0x00000318       0x22 d:/ahl-gec-ide(4.42)/gcc/bin/../lib/gcc/arm-none-eabi/7.2.1/thumb/v7e-m/fpv4-sp/hard\libgcc.a(_arm_muldivdf3.o)
 .ARM.attributes
                0x0000033a       0x22 d:/ahl-gec-ide(4.42)/gcc/bin/../lib/gcc/arm-none-eabi/7.2.1/thumb/v7e-m/fpv4-sp/hard\libgcc.a(_arm_cmpdf2.o)
 .ARM.attributes
                0x0000035c       0x22 d:/ahl-gec-ide(4.42)/gcc/bin/../lib/gcc/arm-none-eabi/7.2.1/thumb/v7e-m/fpv4-sp/hard\libgcc.a(_arm_fixunsdfsi.o)
 .ARM.attributes
                0x0000037e       0x22 d:/ahl-gec-ide(4.42)/gcc/bin/../lib/gcc/arm-none-eabi/7.2.1/thumb/v7e-m/fpv4-sp/hard\libgcc.a(_aeabi_uldivmod.o)
 .ARM.attributes
                0x000003a0       0x34 d:/ahl-gec-ide(4.42)/gcc/bin/../lib/gcc/arm-none-eabi/7.2.1/thumb/v7e-m/fpv4-sp/hard\libgcc.a(_fixunsdfdi.o)
 .ARM.attributes
                0x000003d4       0x34 d:/ahl-gec-ide(4.42)/gcc/bin/../lib/gcc/arm-none-eabi/7.2.1/thumb/v7e-m/fpv4-sp/hard\libgcc.a(_udivmoddi4.o)
 .ARM.attributes
                0x00000408       0x22 d:/ahl-gec-ide(4.42)/gcc/bin/../lib/gcc/arm-none-eabi/7.2.1/thumb/v7e-m/fpv4-sp/hard\libgcc.a(_dvmd_tls.o)
 .ARM.attributes
                0x0000042a       0x22 d:/ahl-gec-ide(4.42)/gcc/bin/../lib/gcc/arm-none-eabi/7.2.1/thumb/v7e-m/fpv4-sp/hard/crtn.o
OUTPUT(valve_switch.elf elf32-littlearm)

.debug_info     0x00000000     0x95fc
 .debug_info    0x00000000      0x847 ./obj/system_stm32l4xx.o
 .debug_info    0x00000847     0x12c6 ./obj/main.o
 .debug_info    0x00001b0d      0xf66 ./obj/flash.o
 .debug_info    0x00002a73     0x16fa ./obj/gpio.o
 .debug_info    0x0000416d     0x1601 ./obj/gec.o
 .debug_info    0x0000576e     0x1643 ./obj/uart.o
 .debug_info    0x00006db1     0x124e ./obj/isr.o
 .debug_info    0x00007fff     0x15db ./obj/printf.o
 .debug_info    0x000095da       0x22 ./obj/startup_stm32l431rctx.o

.debug_abbrev   0x00000000     0x15b8
 .debug_abbrev  0x00000000      0x18e ./obj/system_stm32l4xx.o
 .debug_abbrev  0x0000018e      0x234 ./obj/main.o
 .debug_abbrev  0x000003c2      0x2eb ./obj/flash.o
 .debug_abbrev  0x000006ad      0x38c ./obj/gpio.o
 .debug_abbrev  0x00000a39      0x29a ./obj/gec.o
 .debug_abbrev  0x00000cd3      0x376 ./obj/uart.o
 .debug_abbrev  0x00001049      0x261 ./obj/isr.o
 .debug_abbrev  0x000012aa      0x2fc ./obj/printf.o
 .debug_abbrev  0x000015a6       0x12 ./obj/startup_stm32l431rctx.o

.debug_loc      0x00000000     0x25a2
 .debug_loc     0x00000000      0x246 ./obj/system_stm32l4xx.o
 .debug_loc     0x00000246       0x54 ./obj/main.o
 .debug_loc     0x0000029a      0x66d ./obj/flash.o
 .debug_loc     0x00000907      0x451 ./obj/gpio.o
 .debug_loc     0x00000d58      0x149 ./obj/gec.o
 .debug_loc     0x00000ea1      0x4a5 ./obj/uart.o
 .debug_loc     0x00001346       0xca ./obj/isr.o
 .debug_loc     0x00001410     0x1192 ./obj/printf.o

.debug_aranges  0x00000000      0x2a0
 .debug_aranges
                0x00000000       0x30 ./obj/system_stm32l4xx.o
 .debug_aranges
                0x00000030       0x28 ./obj/main.o
 .debug_aranges
                0x00000058       0x78 ./obj/flash.o
 .debug_aranges
                0x000000d0       0x78 ./obj/gpio.o
 .debug_aranges
                0x00000148       0x28 ./obj/gec.o
 .debug_aranges
                0x00000170       0x78 ./obj/uart.o
 .debug_aranges
                0x000001e8       0x28 ./obj/isr.o
 .debug_aranges
                0x00000210       0x68 ./obj/printf.o
 .debug_aranges
                0x00000278       0x28 ./obj/startup_stm32l431rctx.o

.debug_ranges   0x00000000      0x230
 .debug_ranges  0x00000000       0x20 ./obj/system_stm32l4xx.o
 .debug_ranges  0x00000020       0x18 ./obj/main.o
 .debug_ranges  0x00000038       0x80 ./obj/flash.o
 .debug_ranges  0x000000b8       0x68 ./obj/gpio.o
 .debug_ranges  0x00000120       0x18 ./obj/gec.o
 .debug_ranges  0x00000138       0x68 ./obj/uart.o
 .debug_ranges  0x000001a0       0x18 ./obj/isr.o
 .debug_ranges  0x000001b8       0x58 ./obj/printf.o
 .debug_ranges  0x00000210       0x20 ./obj/startup_stm32l431rctx.o

.debug_macro    0x00000000     0x2a62
 .debug_macro   0x00000000       0xdb ./obj/system_stm32l4xx.o
 .debug_macro   0x000000db       0x87 ./obj/system_stm32l4xx.o
 .debug_macro   0x00000162       0x51 ./obj/system_stm32l4xx.o
 .debug_macro   0x000001b3       0xd8 ./obj/system_stm32l4xx.o
 .debug_macro   0x0000028b      0x268 ./obj/main.o
 .debug_macro   0x000004f3       0x22 ./obj/main.o
 .debug_macro   0x00000515     0x1011 ./obj/main.o
 .debug_macro   0x00001526      0x11f ./obj/main.o
 .debug_macro   0x00001645       0x52 ./obj/main.o
 .debug_macro   0x00001697       0x46 ./obj/main.o
 .debug_macro   0x000016dd      0x32a ./obj/main.o
 .debug_macro   0x00001a07       0x9a ./obj/main.o
 .debug_macro   0x00001aa1       0x70 ./obj/main.o
 .debug_macro   0x00001b11       0x34 ./obj/main.o
 .debug_macro   0x00001b45       0x34 ./obj/main.o
 .debug_macro   0x00001b79       0xa6 ./obj/main.o
 .debug_macro   0x00001c1f       0x64 ./obj/main.o
 .debug_macro   0x00001c83       0x28 ./obj/main.o
 .debug_macro   0x00001cab       0xce ./obj/main.o
 .debug_macro   0x00001d79       0x94 ./obj/main.o
 .debug_macro   0x00001e0d      0x1b9 ./obj/flash.o
 .debug_macro   0x00001fc6       0x34 ./obj/flash.o
 .debug_macro   0x00001ffa      0x1b9 ./obj/gpio.o
 .debug_macro   0x000021b3       0x6a ./obj/gpio.o
 .debug_macro   0x0000221d      0x262 ./obj/gec.o
 .debug_macro   0x0000247f      0x1b9 ./obj/uart.o
 .debug_macro   0x00002638      0x262 ./obj/isr.o
 .debug_macro   0x0000289a      0x1c8 ./obj/printf.o

.debug_line     0x00000000     0x28ff
 .debug_line    0x00000000      0x2cb ./obj/system_stm32l4xx.o
 .debug_line    0x000002cb      0x536 ./obj/main.o
 .debug_line    0x00000801      0x52f ./obj/flash.o
 .debug_line    0x00000d30      0x533 ./obj/gpio.o
 .debug_line    0x00001263      0x548 ./obj/gec.o
 .debug_line    0x000017ab      0x55e ./obj/uart.o
 .debug_line    0x00001d09      0x502 ./obj/isr.o
 .debug_line    0x0000220b      0x677 ./obj/printf.o
 .debug_line    0x00002882       0x7d ./obj/startup_stm32l431rctx.o

.debug_str      0x00000000    0x836e6
 .debug_str     0x00000000    0x7de66 ./obj/system_stm32l4xx.o
                              0x7e023 (size before relaxing)
 .debug_str     0x0007de66     0x4ea1 ./obj/main.o
                              0x82cc3 (size before relaxing)
 .debug_str     0x00082d07      0x11b ./obj/flash.o
                              0x8160b (size before relaxing)
 .debug_str     0x00082e22      0x58d ./obj/gpio.o
                              0x81c45 (size before relaxing)
 .debug_str     0x000833af       0x5b ./obj/gec.o
                              0x82d84 (size before relaxing)
 .debug_str     0x0008340a       0xfd ./obj/uart.o
                              0x81b2d (size before relaxing)
 .debug_str     0x00083507       0x58 ./obj/isr.o
                              0x82d13 (size before relaxing)
 .debug_str     0x0008355f      0x15b ./obj/printf.o
                              0x81851 (size before relaxing)
 .debug_str     0x000836ba       0x2c ./obj/startup_stm32l431rctx.o
                                 0x4f (size before relaxing)

.comment        0x00000000       0x7e
 .comment       0x00000000       0x7e ./obj/system_stm32l4xx.o
                                 0x7f (size before relaxing)
 .comment       0x0000007e       0x7f ./obj/main.o
 .comment       0x0000007e       0x7f ./obj/flash.o
 .comment       0x0000007e       0x7f ./obj/gpio.o
 .comment       0x0000007e       0x7f ./obj/gec.o
 .comment       0x0000007e       0x7f ./obj/uart.o
 .comment       0x0000007e       0x7f ./obj/isr.o
 .comment       0x0000007e       0x7f ./obj/printf.o

.debug_frame    0x00000000      0x9a8
 .debug_frame   0x00000000       0x54 ./obj/system_stm32l4xx.o
 .debug_frame   0x00000054       0x3c ./obj/main.o
 .debug_frame   0x00000090      0x130 ./obj/flash.o
 .debug_frame   0x000001c0      0x180 ./obj/gpio.o
 .debug_frame   0x00000340       0x54 ./obj/gec.o
 .debug_frame   0x00000394      0x164 ./obj/uart.o
 .debug_frame   0x000004f8       0x50 ./obj/isr.o
 .debug_frame   0x00000548      0x17c ./obj/printf.o
 .debug_frame   0x000006c4       0x2c d:/ahl-gec-ide(4.42)/gcc/bin/../lib/gcc/arm-none-eabi/7.2.1/../../../../arm-none-eabi/lib/thumb/v7e-m/fpv4-sp/hard\libc_nano.a(lib_a-init.o)
 .debug_frame   0x000006f0       0x28 d:/ahl-gec-ide(4.42)/gcc/bin/../lib/gcc/arm-none-eabi/7.2.1/../../../../arm-none-eabi/lib/thumb/v7e-m/fpv4-sp/hard\libc_nano.a(lib_a-memcpy-stub.o)
 .debug_frame   0x00000718       0x20 d:/ahl-gec-ide(4.42)/gcc/bin/../lib/gcc/arm-none-eabi/7.2.1/../../../../arm-none-eabi/lib/thumb/v7e-m/fpv4-sp/hard\libc_nano.a(lib_a-memset.o)
 .debug_frame   0x00000738       0xac d:/ahl-gec-ide(4.42)/gcc/bin/../lib/gcc/arm-none-eabi/7.2.1/thumb/v7e-m/fpv4-sp/hard\libgcc.a(_arm_addsubdf3.o)
 .debug_frame   0x000007e4       0x50 d:/ahl-gec-ide(4.42)/gcc/bin/../lib/gcc/arm-none-eabi/7.2.1/thumb/v7e-m/fpv4-sp/hard\libgcc.a(_arm_muldivdf3.o)
 .debug_frame   0x00000834       0xc4 d:/ahl-gec-ide(4.42)/gcc/bin/../lib/gcc/arm-none-eabi/7.2.1/thumb/v7e-m/fpv4-sp/hard\libgcc.a(_arm_cmpdf2.o)
 .debug_frame   0x000008f8       0x24 d:/ahl-gec-ide(4.42)/gcc/bin/../lib/gcc/arm-none-eabi/7.2.1/thumb/v7e-m/fpv4-sp/hard\libgcc.a(_arm_fixunsdfsi.o)
 .debug_frame   0x0000091c       0x2c d:/ahl-gec-ide(4.42)/gcc/bin/../lib/gcc/arm-none-eabi/7.2.1/thumb/v7e-m/fpv4-sp/hard\libgcc.a(_aeabi_uldivmod.o)
 .debug_frame   0x00000948       0x2c d:/ahl-gec-ide(4.42)/gcc/bin/../lib/gcc/arm-none-eabi/7.2.1/thumb/v7e-m/fpv4-sp/hard\libgcc.a(_fixunsdfdi.o)
 .debug_frame   0x00000974       0x34 d:/ahl-gec-ide(4.42)/gcc/bin/../lib/gcc/arm-none-eabi/7.2.1/thumb/v7e-m/fpv4-sp/hard\libgcc.a(_udivmoddi4.o)
