Archive member included to satisfy reference by file (symbol)

d:/ahl-gec-ide(4.42)/gcc/bin/../lib/gcc/arm-none-eabi/7.2.1/../../../../arm-none-eabi/lib/thumb/v7e-m/fpv4-sp/hard\libc_nano.a(lib_a-exit.o)
                              d:/ahl-gec-ide(4.42)/gcc/bin/../lib/gcc/arm-none-eabi/7.2.1/../../../../arm-none-eabi/lib/thumb/v7e-m/fpv4-sp/hard/crt0.o (exit)
d:/ahl-gec-ide(4.42)/gcc/bin/../lib/gcc/arm-none-eabi/7.2.1/../../../../arm-none-eabi/lib/thumb/v7e-m/fpv4-sp/hard\libc_nano.a(lib_a-impure.o)
                              d:/ahl-gec-ide(4.42)/gcc/bin/../lib/gcc/arm-none-eabi/7.2.1/../../../../arm-none-eabi/lib/thumb/v7e-m/fpv4-sp/hard\libc_nano.a(lib_a-exit.o) (_global_impure_ptr)
d:/ahl-gec-ide(4.42)/gcc/bin/../lib/gcc/arm-none-eabi/7.2.1/../../../../arm-none-eabi/lib/thumb/v7e-m/fpv4-sp/hard\libc_nano.a(lib_a-init.o)
                              d:/ahl-gec-ide(4.42)/gcc/bin/../lib/gcc/arm-none-eabi/7.2.1/../../../../arm-none-eabi/lib/thumb/v7e-m/fpv4-sp/hard/crt0.o (__libc_init_array)
d:/ahl-gec-ide(4.42)/gcc/bin/../lib/gcc/arm-none-eabi/7.2.1/../../../../arm-none-eabi/lib/thumb/v7e-m/fpv4-sp/hard\libc_nano.a(lib_a-memcpy-stub.o)
                              ./obj/flash.o (memcpy)
d:/ahl-gec-ide(4.42)/gcc/bin/../lib/gcc/arm-none-eabi/7.2.1/../../../../arm-none-eabi/lib/thumb/v7e-m/fpv4-sp/hard\libc_nano.a(lib_a-memset.o)
                              d:/ahl-gec-ide(4.42)/gcc/bin/../lib/gcc/arm-none-eabi/7.2.1/../../../../arm-none-eabi/lib/thumb/v7e-m/fpv4-sp/hard/crt0.o (memset)
d:/ahl-gec-ide(4.42)/gcc/bin/../lib/gcc/arm-none-eabi/7.2.1/../../../../arm-none-eabi/lib/thumb/v7e-m/fpv4-sp/hard\libc_nano.a(lib_a-strcat.o)
                              ./obj/uart.o (strcat)
d:/ahl-gec-ide(4.42)/gcc/bin/../lib/gcc/arm-none-eabi/7.2.1/../../../../arm-none-eabi/lib/thumb/v7e-m/fpv4-sp/hard\libc_nano.a(lib_a-strcmp.o)
                              ./obj/emuart.o (strcmp)
d:/ahl-gec-ide(4.42)/gcc/bin/../lib/gcc/arm-none-eabi/7.2.1/../../../../arm-none-eabi/lib/thumb/v7e-m/fpv4-sp/hard\libc_nano.a(lib_a-strlen.o)
                              ./obj/NumToStr.o (strlen)
d:/ahl-gec-ide(4.42)/gcc/bin/../lib/gcc/arm-none-eabi/7.2.1/../../../../arm-none-eabi/lib/thumb/v7e-m/fpv4-sp/hard\libc_nano.a(lib_a-strncmp.o)
                              ./obj/gec.o (strncmp)
d:/ahl-gec-ide(4.42)/gcc/bin/../lib/gcc/arm-none-eabi/7.2.1/thumb/v7e-m/fpv4-sp/hard\libgcc.a(_arm_addsubdf3.o)
                              ./obj/valueType.o (__aeabi_dsub)
d:/ahl-gec-ide(4.42)/gcc/bin/../lib/gcc/arm-none-eabi/7.2.1/thumb/v7e-m/fpv4-sp/hard\libgcc.a(_arm_muldivdf3.o)
                              ./obj/main.o (__aeabi_dmul)
d:/ahl-gec-ide(4.42)/gcc/bin/../lib/gcc/arm-none-eabi/7.2.1/thumb/v7e-m/fpv4-sp/hard\libgcc.a(_arm_cmpdf2.o)
                              ./obj/NumToStr.o (__aeabi_dcmpeq)
d:/ahl-gec-ide(4.42)/gcc/bin/../lib/gcc/arm-none-eabi/7.2.1/thumb/v7e-m/fpv4-sp/hard\libgcc.a(_arm_fixdfsi.o)
                              ./obj/valueType.o (__aeabi_d2iz)
d:/ahl-gec-ide(4.42)/gcc/bin/../lib/gcc/arm-none-eabi/7.2.1/thumb/v7e-m/fpv4-sp/hard\libgcc.a(_arm_fixunsdfsi.o)
                              ./obj/NumToStr.o (__aeabi_d2uiz)
d:/ahl-gec-ide(4.42)/gcc/bin/../lib/gcc/arm-none-eabi/7.2.1/thumb/v7e-m/fpv4-sp/hard\libgcc.a(_arm_truncdfsf2.o)
                              ./obj/valueType.o (__aeabi_d2f)
d:/ahl-gec-ide(4.42)/gcc/bin/../lib/gcc/arm-none-eabi/7.2.1/thumb/v7e-m/fpv4-sp/hard\libgcc.a(_aeabi_uldivmod.o)
                              ./obj/NumToStr.o (__aeabi_uldivmod)
d:/ahl-gec-ide(4.42)/gcc/bin/../lib/gcc/arm-none-eabi/7.2.1/thumb/v7e-m/fpv4-sp/hard\libgcc.a(_fixunsdfdi.o)
                              ./obj/NumToStr.o (__aeabi_d2ulz)
d:/ahl-gec-ide(4.42)/gcc/bin/../lib/gcc/arm-none-eabi/7.2.1/thumb/v7e-m/fpv4-sp/hard\libgcc.a(_udivmoddi4.o)
                              d:/ahl-gec-ide(4.42)/gcc/bin/../lib/gcc/arm-none-eabi/7.2.1/thumb/v7e-m/fpv4-sp/hard\libgcc.a(_aeabi_uldivmod.o) (__udivmoddi4)
d:/ahl-gec-ide(4.42)/gcc/bin/../lib/gcc/arm-none-eabi/7.2.1/thumb/v7e-m/fpv4-sp/hard\libgcc.a(_dvmd_tls.o)
                              d:/ahl-gec-ide(4.42)/gcc/bin/../lib/gcc/arm-none-eabi/7.2.1/thumb/v7e-m/fpv4-sp/hard\libgcc.a(_aeabi_uldivmod.o) (__aeabi_ldiv0)
d:/ahl-gec-ide(4.42)/gcc/bin/../lib/gcc/arm-none-eabi/7.2.1/../../../../arm-none-eabi/lib/thumb/v7e-m/fpv4-sp/hard\libnosys.a(_exit.o)
                              d:/ahl-gec-ide(4.42)/gcc/bin/../lib/gcc/arm-none-eabi/7.2.1/../../../../arm-none-eabi/lib/thumb/v7e-m/fpv4-sp/hard\libc_nano.a(lib_a-exit.o) (_exit)

Allocating common symbols
Common symbol       size              file

str_gyro            0x3               ./obj/main.o
sacc                0x6               ./obj/main.o
k                   0x4               ./obj/lcd.o
angle_R             0x18              ./obj/main.o
gyro_R              0x18              ./obj/main.o
sangle_test         0x6               ./obj/main.o
str_acc             0x3               ./obj/main.o
[...]
Memory Configuration

Name             Origin             Length             Attributes
INTVEC           0x0800d000         0x00000800         xr
FLASH            0x0800d800         0x00032000         xr
RAM              0x20004000         0x0000c000         xrw
*default*        0x00000000         0xffffffff

Linker script and memory map

LOAD d:/ahl-gec-ide(4.42)/gcc/bin/../lib/gcc/arm-none-eabi/7.2.1/thumb/v7e-m/fpv4-sp/hard/crti.o
LOAD d:/ahl-gec-ide(4.42)/gcc/bin/../lib/gcc/arm-none-eabi/7.2.1/thumb/v7e-m/fpv4-sp/hard/crtbegin.o
LOAD d:/ahl-gec-ide(4.42)/gcc/bin/../lib/gcc/arm-none-eabi/7.2.1/../../../../arm-none-eabi/lib/thumb/v7e-m/fpv4-sp/hard/crt0.o
LOAD ./obj/emuart.o
LOAD ./obj/adc.o
LOAD ./obj/system_stm32l4xx.o
LOAD ./obj/valueType.o
LOAD ./obj/main.o
LOAD ./obj/flash.o
LOAD ./obj/gpio.o
LOAD ./obj/wdog.o
LOAD ./obj/spi.o
LOAD ./obj/NumToStr.o
LOAD ./obj/gec.o
LOAD ./obj/uart.o
LOAD ./obj/lcd.o
LOAD ./obj/isr.o
LOAD ./obj/printf.o
LOAD ./obj/startup_stm32l431rctx.o
START GROUP
LOAD d:/ahl-gec-ide(4.42)/gcc/bin/../lib/gcc/arm-none-eabi/7.2.1/../../../../arm-none-eabi/lib/thumb/v7e-m/fpv4-sp/hard\libstdc++_nano.a
LOAD d:/ahl-gec-ide(4.42)/gcc/bin/../lib/gcc/arm-none-eabi/7.2.1/../../../../arm-none-eabi/lib/thumb/v7e-m/fpv4-sp/hard\libsupc++_nano.a
END GROUP
LOAD d:/ahl-gec-ide(4.42)/gcc/bin/../lib/gcc/arm-none-eabi/7.2.1/../../../../arm-none-eabi/lib/thumb/v7e-m/fpv4-sp/hard\libstdc++_nano.a
LOAD d:/ahl-gec-ide(4.42)/gcc/bin/../lib/gcc/arm-none-eabi/7.2.1/../../../../arm-none-eabi/lib/thumb/v7e-m/fpv4-sp/hard\libm.a
LOAD d:/ahl-gec-ide(4.42)/gcc/bin/../lib/gcc/arm-none-eabi/7.2.1/../../../../arm-none-eabi/lib/thumb/v7e-m/fpv4-sp/hard\libc_nano.a
START GROUP
LOAD d:/ahl-gec-ide(4.42)/gcc/bin/../lib/gcc/arm-none-eabi/7.2.1/thumb/v7e-m/fpv4-sp/hard\libgcc.a
LOAD d:/ahl-gec-ide(4.42)/gcc/bin/../lib/gcc/arm-none-eabi/7.2.1/../../../../arm-none-eabi/lib/thumb/v7e-m/fpv4-sp/hard\libc_nano.a
END GROUP
START GROUP
LOAD d:/ahl-gec-ide(4.42)/gcc/bin/../lib/gcc/arm-none-eabi/7.2.1/thumb/v7e-m/fpv4-sp/hard\libgcc.a
LOAD d:/ahl-gec-ide(4.42)/gcc/bin/../lib/gcc/arm-none-eabi/7.2.1/../../../../arm-none-eabi/lib/thumb/v7e-m/fpv4-sp/hard\libc_nano.a
LOAD d:/ahl-gec-ide(4.42)/gcc/bin/../lib/gcc/arm-none-eabi/7.2.1/../../../../arm-none-eabi/lib/thumb/v7e-m/fpv4-sp/hard\libnosys.a
END GROUP
START GROUP
LOAD d:/ahl-gec-ide(4.42)/gcc/bin/../lib/gcc/arm-none-eabi/7.2.1/thumb/v7e-m/fpv4-sp/hard\libgcc.a
LOAD d:/ahl-gec-ide(4.42)/gcc/bin/../lib/gcc/arm-none-eabi/7.2.1/../../../../arm-none-eabi/lib/thumb/v7e-m/fpv4-sp/hard\libc_nano.a
LOAD d:/ahl-gec-ide(4.42)/gcc/bin/../lib/gcc/arm-none-eabi/7.2.1/../../../../arm-none-eabi/lib/thumb/v7e-m/fpv4-sp/hard\libnosys.a
END GROUP
LOAD d:/ahl-gec-ide(4.42)/gcc/bin/../lib/gcc/arm-none-eabi/7.2.1/thumb/v7e-m/fpv4-sp/hard/crtend.o
LOAD d:/ahl-gec-ide(4.42)/gcc/bin/../lib/gcc/arm-none-eabi/7.2.1/thumb/v7e-m/fpv4-sp/hard/crtn.o
                0x00000800                MCU_SECTORSIZE = 0x800
                0x08000000                MCU_FLASH_ADDR_START = 0x8000000
                0x0000001a                GEC_USER_SECTOR_START = 0x1a
                0x0000007e                GEC_USER_SECTOR_END = 0x7e
                0x20004000                GEC_USER_RAM_START = 0x20004000
                0x2000ffff                GEC_USER_RAM_END = 0x2000ffff
                0x2000ffff                _estack = 0x2000ffff
                0x00000200                _Min_Heap_Size = 0x200
                0x00000400                _Min_Stack_Size = 0x400

.isr_vector     0x0800d000      0x190
                0x0800d000                . = ALIGN (0x8)
 *(.isr_vector)
 .isr_vector    0x0800d000      0x18c ./obj/startup_stm32l431rctx.o
                0x0800d000                g_pfnVectors
                0x0800d190                . = ALIGN (0x8)
 *fill*         0x0800d18c        0x4 

.text           0x0800d800     0x2928
                0x0800d800                . = ALIGN (0x8)
 *(.text)
 .text          0x0800d800       0x40 d:/ahl-gec-ide(4.42)/gcc/bin/../lib/gcc/arm-none-eabi/7.2.1/thumb/v7e-m/fpv4-sp/hard/crtbegin.o
 .text          0x0800d840       0x10 d:/ahl-gec-ide(4.42)/gcc/bin/../lib/gcc/arm-none-eabi/7.2.1/../../../../arm-none-eabi/lib/thumb/v7e-m/fpv4-sp/hard\libc_nano.a(lib_a-strlen.o)
                0x0800d840                strlen
 .text          0x0800d850      0x378 d:/ahl-gec-ide(4.42)/gcc/bin/../lib/gcc/arm-none-eabi/7.2.1/thumb/v7e-m/fpv4-sp/hard\libgcc.a(_arm_addsubdf3.o)
                0x0800d850                __aeabi_drsub
                0x0800d858                __aeabi_dsub
                0x0800d858                __subdf3
                0x0800d85c                __aeabi_dadd
                0x0800d85c                __adddf3
                0x0800dad4                __floatunsidf
                0x0800dad4                __aeabi_ui2d
                0x0800daf4                __floatsidf
                0x0800daf4                __aeabi_i2d
                0x0800db18                __aeabi_f2d
                0x0800db18                __extendsfdf2
                0x0800db5c                __floatundidf
                0x0800db5c                __aeabi_ul2d
                0x0800db6c                __floatdidf
                0x0800db6c                __aeabi_l2d
 .text          0x0800dbc8      0x424 d:/ahl-gec-ide(4.42)/gcc/bin/../lib/gcc/arm-none-eabi/7.2.1/thumb/v7e-m/fpv4-sp/hard\libgcc.a(_arm_muldivdf3.o)
                0x0800dbc8                __aeabi_dmul
                0x0800dbc8                __muldf3
                0x0800de1c                __divdf3
                0x0800de1c                __aeabi_ddiv
 .text          0x0800dfec      0x110 d:/ahl-gec-ide(4.42)/gcc/bin/../lib/gcc/arm-none-eabi/7.2.1/thumb/v7e-m/fpv4-sp/hard\libgcc.a(_arm_cmpdf2.o)
                0x0800dfec                __gtdf2
                0x0800dfec                __gedf2
                0x0800dff4                __ltdf2
                0x0800dff4                __ledf2
                0x0800dffc                __nedf2
                0x0800dffc                __eqdf2
                0x0800dffc                __cmpdf2
                0x0800e078                __aeabi_cdrcmple
                0x0800e088                __aeabi_cdcmpeq
                0x0800e088                __aeabi_cdcmple
                0x0800e098                __aeabi_dcmpeq
                0x0800e0ac                __aeabi_dcmplt
                0x0800e0c0                __aeabi_dcmple
                0x0800e0d4                __aeabi_dcmpge
                0x0800e0e8                __aeabi_dcmpgt
 .text          0x0800e0fc       0x50 d:/ahl-gec-ide(4.42)/gcc/bin/../lib/gcc/arm-none-eabi/7.2.1/thumb/v7e-m/fpv4-sp/hard\libgcc.a(_arm_fixdfsi.o)
                0x0800e0fc                __aeabi_d2iz
                0x0800e0fc                __fixdfsi
 .text          0x0800e14c       0x40 d:/ahl-gec-ide(4.42)/gcc/bin/../lib/gcc/arm-none-eabi/7.2.1/thumb/v7e-m/fpv4-sp/hard\libgcc.a(_arm_fixunsdfsi.o)
                0x0800e14c                __aeabi_d2uiz
                0x0800e14c                __fixunsdfsi
 .text          0x0800e18c       0xa0 d:/ahl-gec-ide(4.42)/gcc/bin/../lib/gcc/arm-none-eabi/7.2.1/thumb/v7e-m/fpv4-sp/hard\libgcc.a(_arm_truncdfsf2.o)
                0x0800e18c                __truncdfsf2
                0x0800e18c                __aeabi_d2f
 .text          0x0800e22c       0x30 d:/ahl-gec-ide(4.42)/gcc/bin/../lib/gcc/arm-none-eabi/7.2.1/thumb/v7e-m/fpv4-sp/hard\libgcc.a(_aeabi_uldivmod.o)
                0x0800e22c                __aeabi_uldivmod
 .text          0x0800e25c       0x44 d:/ahl-gec-ide(4.42)/gcc/bin/../lib/gcc/arm-none-eabi/7.2.1/thumb/v7e-m/fpv4-sp/hard\libgcc.a(_fixunsdfdi.o)
                0x0800e25c                __fixunsdfdi
                0x0800e25c                __aeabi_d2ulz
 .text          0x0800e2a0      0x2cc d:/ahl-gec-ide(4.42)/gcc/bin/../lib/gcc/arm-none-eabi/7.2.1/thumb/v7e-m/fpv4-sp/hard\libgcc.a(_udivmoddi4.o)
                0x0800e2a0                __udivmoddi4
 .text          0x0800e56c        0x4 d:/ahl-gec-ide(4.42)/gcc/bin/../lib/gcc/arm-none-eabi/7.2.1/thumb/v7e-m/fpv4-sp/hard\libgcc.a(_dvmd_tls.o)
                0x0800e56c                __aeabi_idiv0
                0x0800e56c                __aeabi_ldiv0
 *(.text*)
 .text.SysClock_Config
                0x0800e570       0x9c ./obj/system_stm32l4xx.o
                0x0800e570                SysClock_Config
 .text.SystemInit
                0x0800e60c       0x50 ./obj/system_stm32l4xx.o
                0x0800e60c                SystemInit
 *fill*         0x0800e65c        0x4 
 .text.DoubleConvertToStr
                0x0800e660      0x144 ./obj/valueType.o
                0x0800e660                DoubleConvertToStr
 .text.main_Dly_ms
                0x0800e7a4       0x16 ./obj/main.o
                0x0800e7a4                main_Dly_ms
 *fill*         0x0800e7ba        0x2 
 .text.main     0x0800e7bc      0x284 ./obj/main.o
                0x0800e7bc                main
 .text.flash_erase
                0x0800ea40       0x58 ./obj/flash.o
                0x0800ea40                flash_erase
 .text.flash_read_logic
                0x0800ea98       0x12 ./obj/flash.o
                0x0800ea98                flash_read_logic
 .text.flash_read_physical
                0x0800eaaa        0x8 ./obj/flash.o
                0x0800eaaa                flash_read_physical
 .text.flash_isempty
                0x0800eab2       0x3e ./obj/flash.o
                0x0800eab2                flash_isempty
 .text.flash_write_DoubleWord
                0x0800eaf0       0x38 ./obj/flash.o
                0x0800eaf0                flash_write_DoubleWord
 .text.flash_Best
                0x0800eb28       0x6c ./obj/flash.o
                0x0800eb28                flash_Best
 .text.flash_write
                0x0800eb94       0x9c ./obj/flash.o
                0x0800eb94                flash_write
 .text.flash_write_physical
                0x0800ec30       0x2c ./obj/flash.o
                0x0800ec30                flash_write_physical
 .text.gpio_get_port_pin
                0x0800ec5c        0x8 ./obj/gpio.o
                0x0800ec5c                gpio_get_port_pin
 .text.gpio_set
                0x0800ec64       0x4c ./obj/gpio.o
                0x0800ec64                gpio_set
 .text.gpio_init
                0x0800ecb0       0x70 ./obj/gpio.o
                0x0800ecb0                gpio_init
 .text.gpio_reverse
                0x0800ed20       0x48 ./obj/gpio.o
                0x0800ed20                gpio_reverse
 .text.wdog_feed
                0x0800ed68       0x10 ./obj/wdog.o
                0x0800ed68                wdog_feed
 .text.spi_init
                0x0800ed78      0x14c ./obj/spi.o
                0x0800ed78                spi_init
 .text.spi_send1
                0x0800eec4       0x88 ./obj/spi.o
                0x0800eec4                spi_send1
 .text.Vectors_Init
                0x0800ef4c       0xa4 ./obj/gec.o
                0x0800ef4c                Vectors_Init
 .text.uart_is_uartNo
                0x0800eff0       0x10 ./obj/uart.o
                0x0800eff0                uart_is_uartNo
 .text.uart_init
                0x0800f000      0x14c ./obj/uart.o
                0x0800f000                uart_init
 .text.uart_send1
                0x0800f14c       0x48 ./obj/uart.o
                0x0800f14c                uart_send1
 .text.uart_re1
                0x0800f194       0x50 ./obj/uart.o
                0x0800f194                uart_re1
 .text.uart_enable_re_int
                0x0800f1e4       0x40 ./obj/uart.o
                0x0800f1e4                uart_enable_re_int
 .text.uart_get_re_int
                0x0800f224       0x38 ./obj/uart.o
                0x0800f224                uart_get_re_int
 .text.LCD_WR_DATA8
                0x0800f25c       0x30 ./obj/lcd.o
                0x0800f25c                LCD_WR_DATA8
 .text.LCD_WR_DATA
                0x0800f28c       0x38 ./obj/lcd.o
                0x0800f28c                LCD_WR_DATA
 .text.LCD_WR_REG
                0x0800f2c4       0x30 ./obj/lcd.o
                0x0800f2c4                LCD_WR_REG
 .text.LCD_WR_REG_DATA
                0x0800f2f4       0x10 ./obj/lcd.o
                0x0800f2f4                LCD_WR_REG_DATA
 .text.Address_set
                0x0800f304       0x4e ./obj/lcd.o
                0x0800f304                Address_set
 .text.LCD_Clear
                0x0800f352       0x34 ./obj/lcd.o
                0x0800f352                LCD_Clear
 .text.LCD_DrawPoint
                0x0800f386       0x14 ./obj/lcd.o
                0x0800f386                LCD_DrawPoint
 .text.LCD_DrawLine
                0x0800f39a       0xa6 ./obj/lcd.o
                0x0800f39a                LCD_DrawLine
 .text.LCD_ShowString
                0x0800f440       0xb0 ./obj/lcd.o
                0x0800f440                LCD_ShowString
 .text.LCD_DrawSurface
                0x0800f4f0       0x34 ./obj/lcd.o
                0x0800f4f0                LCD_DrawSurface
 .text.LCD_aotu
                0x0800f524       0xea ./obj/lcd.o
                0x0800f524                LCD_aotu
 .text.LCD_Dly_ms
                0x0800f60e       0x16 ./obj/lcd.o
                0x0800f60e                LCD_Dly_ms
 .text.LCD_Init
                0x0800f624       0xac ./obj/lcd.o
                0x0800f624                LCD_Init
 .text.useremuart_frame
                0x0800f6d0       0x3c ./obj/isr.o
                0x0800f6d0                useremuart_frame
 .text.USART2_IRQHandler
                0x0800f70c       0xb8 ./obj/isr.o
                0x0800f70c                USART2_IRQHandler
 .text.printk_putc
                0x0800f7c4       0x2a ./obj/printf.o
 .text.printk_mknumstr
                0x0800f7ee       0x68 ./obj/printf.o
 .text.printk_pad_zero
                0x0800f856       0x1e ./obj/printf.o
 .text.printk_pad_space
                0x0800f874       0x1e ./obj/printf.o
 .text.out_char
                0x0800f892        0xc ./obj/printf.o
                0x0800f892                out_char
 *fill*         0x0800f89e        0x2 
 .text.printk_mkfloatstr
                0x0800f8a0      0x1c4 ./obj/printf.o
                0x0800f8a0                printk_mkfloatstr
 .text.printk   0x0800fa64      0x5b4 ./obj/printf.o
                0x0800fa64                printk
 .text.myprintf
                0x08010018       0x28 ./obj/printf.o
                0x08010018                myprintf
 .text.Reset_Handler
                0x08010040       0x54 ./obj/startup_stm32l431rctx.o
                0x08010040                Reset_Handler
 .text.Default_Handler
                0x08010094        0x6 ./obj/startup_stm32l431rctx.o
                0x08010094                RTC_Alarm_IRQHandler
                0x08010094                EXTI2_IRQHandler
                0x08010094                DebugMon_Handler
                0x08010094                TIM1_CC_IRQHandler
                0x08010094                TSC_IRQHandler
                0x08010094                HardFault_Handler
                0x08010094                SysTick_Handler
                0x08010094                TAMP_STAMP_IRQHandler
                0x08010094                PendSV_Handler
                0x08010094                NMI_Handler
                0x08010094                EXTI3_IRQHandler
                0x08010094                LPTIM2_IRQHandler
                0x08010094                I2C3_ER_IRQHandler
                0x08010094                EXTI0_IRQHandler
                0x08010094                I2C2_EV_IRQHandler
                0x08010094                CAN1_RX0_IRQHandler
                0x08010094                FPU_IRQHandler
                0x08010094                TIM1_UP_TIM16_IRQHandler
                0x08010094                UsageFault_Handler
                0x08010094                SPI1_IRQHandler
                0x08010094                TIM6_DAC_IRQHandler
                0x08010094                DMA2_Channel2_IRQHandler
                0x08010094                DMA1_Channel4_IRQHandler
                0x08010094                ADC1_IRQHandler
                0x08010094                USART3_IRQHandler
                0x08010094                DMA1_Channel7_IRQHandler
                0x08010094                CAN1_RX1_IRQHandler
                0x08010094                DMA2_Channel1_IRQHandler
                0x08010094                QUADSPI_IRQHandler
                0x08010094                I2C1_EV_IRQHandler
                0x08010094                DMA1_Channel6_IRQHandler
                0x08010094                DMA2_Channel4_IRQHandler
                0x08010094                RCC_IRQHandler
                0x08010094                TIM1_TRG_COM_IRQHandler
                0x08010094                DMA1_Channel1_IRQHandler
                0x08010094                Default_Handler
                0x08010094                DMA2_Channel7_IRQHandler
                0x08010094                EXTI15_10_IRQHandler
                0x08010094                TIM7_IRQHandler
                0x08010094                SDMMC1_IRQHandler
                0x08010094                I2C3_EV_IRQHandler
                0x08010094                EXTI9_5_IRQHandler
                0x08010094                RTC_WKUP_IRQHandler
                0x08010094                PVD_PVM_IRQHandler
                0x08010094                SPI2_IRQHandler
                0x08010094                MemManage_Handler
                0x08010094                CAN1_TX_IRQHandler
                0x08010094                SVC_Handler
                0x08010094                DMA2_Channel5_IRQHandler
                0x08010094                CRS_IRQHandler
                0x08010094                DMA1_Channel5_IRQHandler
                0x08010094                EXTI4_IRQHandler
                0x08010094                RNG_IRQHandler
                0x08010094                DMA1_Channel3_IRQHandler
                0x08010094                COMP_IRQHandler
                0x08010094                WWDG_IRQHandler
                0x08010094                LPUART1_IRQHandler
                0x08010094                DMA2_Channel6_IRQHandler
                0x08010094                TIM2_IRQHandler
                0x08010094                EXTI1_IRQHandler
                0x08010094                I2C2_ER_IRQHandler
                0x08010094                DMA1_Channel2_IRQHandler
                0x08010094                CAN1_SCE_IRQHandler
                0x08010094                FLASH_IRQHandler
                0x08010094                BusFault_Handler
                0x08010094                USART1_IRQHandler
                0x08010094                SPI3_IRQHandler
                0x08010094                I2C1_ER_IRQHandler
                0x08010094                SWPMI1_IRQHandler
                0x08010094                LPTIM1_IRQHandler
                0x08010094                SAI1_IRQHandler
                0x08010094                DMA2_Channel3_IRQHandler
                0x08010094                TIM1_BRK_TIM15_IRQHandler
 *fill*         0x0801009a        0x2 
 .text.__libc_init_array
                0x0801009c       0x48 d:/ahl-gec-ide(4.42)/gcc/bin/../lib/gcc/arm-none-eabi/7.2.1/../../../../arm-none-eabi/lib/thumb/v7e-m/fpv4-sp/hard\libc_nano.a(lib_a-init.o)
                0x0801009c                __libc_init_array
 .text.memcpy   0x080100e4       0x16 d:/ahl-gec-ide(4.42)/gcc/bin/../lib/gcc/arm-none-eabi/7.2.1/../../../../arm-none-eabi/lib/thumb/v7e-m/fpv4-sp/hard\libc_nano.a(lib_a-memcpy-stub.o)
                0x080100e4                memcpy
 .text.memset   0x080100fa       0x10 d:/ahl-gec-ide(4.42)/gcc/bin/../lib/gcc/arm-none-eabi/7.2.1/../../../../arm-none-eabi/lib/thumb/v7e-m/fpv4-sp/hard\libc_nano.a(lib_a-memset.o)
                0x080100fa                memset
 *(.glue_7)
 .glue_7        0x0801010a        0x0 linker stubs
 *(.glue_7t)
 .glue_7t       0x0801010a        0x0 linker stubs
 *(.eh_frame)
 *fill*         0x0801010a        0x2 
 .eh_frame      0x0801010c        0x0 d:/ahl-gec-ide(4.42)/gcc/bin/../lib/gcc/arm-none-eabi/7.2.1/thumb/v7e-m/fpv4-sp/hard/crtbegin.o
 *(.init)
 .init          0x0801010c        0x4 d:/ahl-gec-ide(4.42)/gcc/bin/../lib/gcc/arm-none-eabi/7.2.1/thumb/v7e-m/fpv4-sp/hard/crti.o
                0x0801010c                _init
 .init          0x08010110        0x8 d:/ahl-gec-ide(4.42)/gcc/bin/../lib/gcc/arm-none-eabi/7.2.1/thumb/v7e-m/fpv4-sp/hard/crtn.o
 *(.fini)
 .fini          0x08010118        0x4 d:/ahl-gec-ide(4.42)/gcc/bin/../lib/gcc/arm-none-eabi/7.2.1/thumb/v7e-m/fpv4-sp/hard/crti.o
                0x08010118                _fini
 .fini          0x0801011c        0x8 d:/ahl-gec-ide(4.42)/gcc/bin/../lib/gcc/arm-none-eabi/7.2.1/thumb/v7e-m/fpv4-sp/hard/crtn.o
                0x08010128                . = ALIGN (0x8)
 *fill*         0x08010124        0x4 
                0x08010128                _etext = .

.vfp11_veneer   0x08010128        0x0
 .vfp11_veneer  0x08010128        0x0 linker stubs

.v4_bx          0x08010128        0x0
 .v4_bx         0x08010128        0x0 linker stubs

.iplt           0x08010128        0x0
 .iplt          0x08010128        0x0 d:/ahl-gec-ide(4.42)/gcc/bin/../lib/gcc/arm-none-eabi/7.2.1/thumb/v7e-m/fpv4-sp/hard/crtbegin.o

.rodata         0x08010128      0x6e8
                0x08010128                . = ALIGN (0x8)
 *(.rodata)
 *(.rodata*)
 .rodata.main.str1.4
                0x08010128       0x9e ./obj/main.o
 *fill*         0x080101c6        0x2 
 .rodata.Vectors_Init.str1.4
                0x080101c8       0x48 ./obj/gec.o
 .rodata.nAsciiDot
                0x08010210      0x600 ./obj/lcd.o
                0x08010810                . = ALIGN (0x8)

.ARM.extab      0x08010810        0x0
                0x08010810                . = ALIGN (0x8)
 *(.ARM.extab* .gnu.linkonce.armextab.*)
                0x08010810                . = ALIGN (0x8)

.ARM            0x08010810        0x8
                0x08010810                . = ALIGN (0x8)
                0x08010810                __exidx_start = .
 *(.ARM.exidx*)
 .ARM.exidx     0x08010810        0x8 d:/ahl-gec-ide(4.42)/gcc/bin/../lib/gcc/arm-none-eabi/7.2.1/thumb/v7e-m/fpv4-sp/hard\libgcc.a(_udivmoddi4.o)
                0x08010818                __exidx_end = .
                0x08010818                . = ALIGN (0x8)

.rel.dyn        0x08010818        0x0
 .rel.iplt      0x08010818        0x0 d:/ahl-gec-ide(4.42)/gcc/bin/../lib/gcc/arm-none-eabi/7.2.1/thumb/v7e-m/fpv4-sp/hard/crtbegin.o

.preinit_array  0x08010818        0x0
                0x08010818                . = ALIGN (0x8)
                0x08010818                PROVIDE (__preinit_array_start, .)
 *(.preinit_array*)
                0x08010818                PROVIDE (__preinit_array_end, .)
                0x08010818                . = ALIGN (0x8)

.init_array     0x08010818        0x8
                0x08010818                . = ALIGN (0x8)
                0x08010818                PROVIDE (__init_array_start, .)
 *(SORT_BY_NAME(.init_array.*))
 *(.init_array*)
 .init_array    0x08010818        0x4 d:/ahl-gec-ide(4.42)/gcc/bin/../lib/gcc/arm-none-eabi/7.2.1/thumb/v7e-m/fpv4-sp/hard/crtbegin.o
                0x0801081c                PROVIDE (__init_array_end, .)
                0x08010820                . = ALIGN (0x8)
 *fill*         0x0801081c        0x4 

.fini_array     0x08010820        0x8
                0x08010820                . = ALIGN (0x8)
                [!provide]                PROVIDE (__fini_array_start, .)
 *(SORT_BY_NAME(.fini_array.*))
 *(.fini_array*)
 .fini_array    0x08010820        0x4 d:/ahl-gec-ide(4.42)/gcc/bin/../lib/gcc/arm-none-eabi/7.2.1/thumb/v7e-m/fpv4-sp/hard/crtbegin.o
                [!provide]                PROVIDE (__fini_array_end, .)
                0x08010828                . = ALIGN (0x8)
 *fill*         0x08010824        0x4 
                0x08010828                _sidata = LOADADDR (.data)

.data           0x20004000       0x3c load address 0x08010828
                0x20004000                . = ALIGN (0x4)
                0x20004000                _sdata = .
 *(.data)
 *(.data*)
 .data.SystemCoreClock
                0x20004000        0x4 ./obj/system_stm32l4xx.o
                0x20004000                SystemCoreClock
 .data.GPIO_ARR
                0x20004004       0x18 ./obj/gpio.o
                0x20004004                GPIO_ARR
 .data.SPI_ARR  0x2000401c        0xc ./obj/spi.o
                0x2000401c                SPI_ARR
 .data.USART_ARR
                0x20004028        0xc ./obj/uart.o
                0x20004028                USART_ARR
 .data.table_irq_uart
                0x20004034        0x3 ./obj/uart.o
                0x20004034                table_irq_uart
 *fill*         0x20004037        0x1 
 .data.index.7526
                0x20004038        0x2 ./obj/isr.o
                0x2000403c                . = ALIGN (0x4)
 *fill*         0x2000403a        0x2 
                0x2000403c                _edata = .

.igot.plt       0x2000403c        0x0 load address 0x08010864
 .igot.plt      0x2000403c        0x0 d:/ahl-gec-ide(4.42)/gcc/bin/../lib/gcc/arm-none-eabi/7.2.1/thumb/v7e-m/fpv4-sp/hard/crtbegin.o
                0x2000403c                . = ALIGN (0x4)

.bss            0x20004040      0x8a4 load address 0x08010864
                0x20004040                _sbss = .
                0x20004040                __bss_start__ = _sbss
 *(.bss)
 .bss           0x20004040       0x1c d:/ahl-gec-ide(4.42)/gcc/bin/../lib/gcc/arm-none-eabi/7.2.1/thumb/v7e-m/fpv4-sp/hard/crtbegin.o
 *(.bss*)
 *(COMMON)
 *fill*         0x2000405c        0x4 
 COMMON         0x20004060      0x880 ./obj/main.o
                0x20004060                str_gyro
                0x20004064                sacc
                0x20004070                angle_R
                0x20004088                gyro_R
                0x200040a0                sangle_test
                0x200040a8                str_acc
                0x200040ac                sangle
                0x200040b2                gcRecvLen
                0x200040b4                gcRecvDCLen
                0x200040b8                sgyro
                0x200040c0                str_angle
                0x200040c8                acc_R
                0x200040e0                gcRecvBuf
 COMMON         0x200048e0        0x4 ./obj/gec.o
                0x200048e0                component_fun
                0x200048e4                . = ALIGN (0x4)
                0x200048e4                _ebss = .
                0x200048e4                __bss_end__ = _ebss

/DISCARD/
 libc.a(*)
 libm.a(*)
 libgcc.a(*)

.ARM.attributes
                0x00000000       0x30
 *(.ARM.attributes)
 .ARM.attributes
                0x00000000       0x22 d:/ahl-gec-ide(4.42)/gcc/bin/../lib/gcc/arm-none-eabi/7.2.1/thumb/v7e-m/fpv4-sp/hard/crti.o
 .ARM.attributes
                0x00000022       0x34 d:/ahl-gec-ide(4.42)/gcc/bin/../lib/gcc/arm-none-eabi/7.2.1/thumb/v7e-m/fpv4-sp/hard/crtbegin.o
 .ARM.attributes
                0x00000056       0x39 ./obj/system_stm32l4xx.o
 .ARM.attributes
                0x0000008f       0x39 ./obj/valueType.o
 .ARM.attributes
                0x000000c8       0x39 ./obj/main.o
 .ARM.attributes
                0x00000101       0x39 ./obj/flash.o
 .ARM.attributes
                0x0000013a       0x39 ./obj/gpio.o
 .ARM.attributes
                0x00000173       0x39 ./obj/wdog.o
 .ARM.attributes
                0x000001ac       0x39 ./obj/spi.o
 .ARM.attributes
                0x000001e5       0x39 ./obj/gec.o
 .ARM.attributes
                0x0000021e       0x39 ./obj/uart.o
 .ARM.attributes
                0x00000257       0x39 ./obj/lcd.o
 .ARM.attributes
                0x00000290       0x39 ./obj/isr.o
 .ARM.attributes
                0x000002c9       0x39 ./obj/printf.o
 .ARM.attributes
                0x00000302       0x21 ./obj/startup_stm32l431rctx.o
 .ARM.attributes
                0x00000323       0x34 d:/ahl-gec-ide(4.42)/gcc/bin/../lib/gcc/arm-none-eabi/7.2.1/../../../../arm-none-eabi/lib/thumb/v7e-m/fpv4-sp/hard\libc_nano.a(lib_a-init.o)
 .ARM.attributes
                0x00000357       0x34 d:/ahl-gec-ide(4.42)/gcc/bin/../lib/gcc/arm-none-eabi/7.2.1/../../../../arm-none-eabi/lib/thumb/v7e-m/fpv4-sp/hard\libc_nano.a(lib_a-memcpy-stub.o)
 .ARM.attributes
                0x0000038b       0x34 d:/ahl-gec-ide(4.42)/gcc/bin/../lib/gcc/arm-none-eabi/7.2.1/../../../../arm-none-eabi/lib/thumb/v7e-m/fpv4-sp/hard\libc_nano.a(lib_a-memset.o)
 .ARM.attributes
                0x000003bf       0x1b d:/ahl-gec-ide(4.42)/gcc/bin/../lib/gcc/arm-none-eabi/7.2.1/../../../../arm-none-eabi/lib/thumb/v7e-m/fpv4-sp/hard\libc_nano.a(lib_a-strlen.o)
 .ARM.attributes
                0x000003da       0x22 d:/ahl-gec-ide(4.42)/gcc/bin/../lib/gcc/arm-none-eabi/7.2.1/thumb/v7e-m/fpv4-sp/hard\libgcc.a(_arm_addsubdf3.o)
 .ARM.attributes
                0x000003fc       0x22 d:/ahl-gec-ide(4.42)/gcc/bin/../lib/gcc/arm-none-eabi/7.2.1/thumb/v7e-m/fpv4-sp/hard\libgcc.a(_arm_muldivdf3.o)
 .ARM.attributes
                0x0000041e       0x22 d:/ahl-gec-ide(4.42)/gcc/bin/../lib/gcc/arm-none-eabi/7.2.1/thumb/v7e-m/fpv4-sp/hard\libgcc.a(_arm_cmpdf2.o)
 .ARM.attributes
                0x00000440       0x22 d:/ahl-gec-ide(4.42)/gcc/bin/../lib/gcc/arm-none-eabi/7.2.1/thumb/v7e-m/fpv4-sp/hard\libgcc.a(_arm_fixdfsi.o)
 .ARM.attributes
                0x00000462       0x22 d:/ahl-gec-ide(4.42)/gcc/bin/../lib/gcc/arm-none-eabi/7.2.1/thumb/v7e-m/fpv4-sp/hard\libgcc.a(_arm_fixunsdfsi.o)
 .ARM.attributes
                0x00000484       0x22 d:/ahl-gec-ide(4.42)/gcc/bin/../lib/gcc/arm-none-eabi/7.2.1/thumb/v7e-m/fpv4-sp/hard\libgcc.a(_arm_truncdfsf2.o)
 .ARM.attributes
                0x000004a6       0x22 d:/ahl-gec-ide(4.42)/gcc/bin/../lib/gcc/arm-none-eabi/7.2.1/thumb/v7e-m/fpv4-sp/hard\libgcc.a(_aeabi_uldivmod.o)
 .ARM.attributes
                0x000004c8       0x34 d:/ahl-gec-ide(4.42)/gcc/bin/../lib/gcc/arm-none-eabi/7.2.1/thumb/v7e-m/fpv4-sp/hard\libgcc.a(_fixunsdfdi.o)
 .ARM.attributes
                0x000004fc       0x34 d:/ahl-gec-ide(4.42)/gcc/bin/../lib/gcc/arm-none-eabi/7.2.1/thumb/v7e-m/fpv4-sp/hard\libgcc.a(_udivmoddi4.o)
 .ARM.attributes
                0x00000530       0x22 d:/ahl-gec-ide(4.42)/gcc/bin/../lib/gcc/arm-none-eabi/7.2.1/thumb/v7e-m/fpv4-sp/hard\libgcc.a(_dvmd_tls.o)
 .ARM.attributes
                0x00000552       0x22 d:/ahl-gec-ide(4.42)/gcc/bin/../lib/gcc/arm-none-eabi/7.2.1/thumb/v7e-m/fpv4-sp/hard/crtn.o
OUTPUT(valve_switch.elf elf32-littlearm)

.debug_info     0x00000000     0xd398
 .debug_info    0x00000000      0x847 ./obj/system_stm32l4xx.o
 .debug_info    0x00000847      0x339 ./obj/valueType.o
 .debug_info    0x00000b80     0x15b2 ./obj/main.o
 .debug_info    0x00002132      0xf66 ./obj/flash.o
 .debug_info    0x00003098     0x16fa ./obj/gpio.o
 .debug_info    0x00004792      0x1d2 ./obj/wdog.o
 .debug_info    0x00004964     0x1a3d ./obj/spi.o
 .debug_info    0x000063a1     0x161c ./obj/gec.o
 .debug_info    0x000079bd     0x1643 ./obj/uart.o
 .debug_info    0x00009000     0x1b40 ./obj/lcd.o
 .debug_info    0x0000ab40     0x125b ./obj/isr.o
 .debug_info    0x0000bd9b     0x15db ./obj/printf.o
 .debug_info    0x0000d376       0x22 ./obj/startup_stm32l431rctx.o

.debug_abbrev   0x00000000     0x1e1e
 .debug_abbrev  0x00000000      0x18e ./obj/system_stm32l4xx.o
 .debug_abbrev  0x0000018e       0xf7 ./obj/valueType.o
 .debug_abbrev  0x00000285      0x24e ./obj/main.o
 .debug_abbrev  0x000004d3      0x2eb ./obj/flash.o
 .debug_abbrev  0x000007be      0x38c ./obj/gpio.o
 .debug_abbrev  0x00000b4a       0xf3 ./obj/wdog.o
 .debug_abbrev  0x00000c3d      0x316 ./obj/spi.o
 .debug_abbrev  0x00000f53      0x29a ./obj/gec.o
 .debug_abbrev  0x000011ed      0x376 ./obj/uart.o
 .debug_abbrev  0x00001563      0x332 ./obj/lcd.o
 .debug_abbrev  0x00001895      0x27b ./obj/isr.o
 .debug_abbrev  0x00001b10      0x2fc ./obj/printf.o
 .debug_abbrev  0x00001e0c       0x12 ./obj/startup_stm32l431rctx.o

.debug_loc      0x00000000     0x3a1b
 .debug_loc     0x00000000      0x246 ./obj/system_stm32l4xx.o
 .debug_loc     0x00000246      0x678 ./obj/valueType.o
 .debug_loc     0x000008be       0x49 ./obj/main.o
 .debug_loc     0x00000907      0x66d ./obj/flash.o
 .debug_loc     0x00000f74      0x451 ./obj/gpio.o
 .debug_loc     0x000013c5      0x41e ./obj/spi.o
 .debug_loc     0x000017e3      0x149 ./obj/gec.o
 .debug_loc     0x0000192c      0x4a5 ./obj/uart.o
 .debug_loc     0x00001dd1      0x9ee ./obj/lcd.o
 .debug_loc     0x000027bf       0xca ./obj/isr.o
 .debug_loc     0x00002889     0x1192 ./obj/printf.o

.debug_aranges  0x00000000      0x3f8
 .debug_aranges
                0x00000000       0x30 ./obj/system_stm32l4xx.o
 .debug_aranges
                0x00000030       0x30 ./obj/valueType.o
 .debug_aranges
                0x00000060       0x28 ./obj/main.o
 .debug_aranges
                0x00000088       0x78 ./obj/flash.o
 .debug_aranges
                0x00000100       0x78 ./obj/gpio.o
 .debug_aranges
                0x00000178       0x30 ./obj/wdog.o
 .debug_aranges
                0x000001a8       0x50 ./obj/spi.o
 .debug_aranges
                0x000001f8       0x28 ./obj/gec.o
 .debug_aranges
                0x00000220       0x78 ./obj/uart.o
 .debug_aranges
                0x00000298       0xa8 ./obj/lcd.o
 .debug_aranges
                0x00000340       0x28 ./obj/isr.o
 .debug_aranges
                0x00000368       0x68 ./obj/printf.o
 .debug_aranges
                0x000003d0       0x28 ./obj/startup_stm32l431rctx.o

.debug_ranges   0x00000000      0x348
 .debug_ranges  0x00000000       0x20 ./obj/system_stm32l4xx.o
 .debug_ranges  0x00000020       0x20 ./obj/valueType.o
 .debug_ranges  0x00000040       0x18 ./obj/main.o
 .debug_ranges  0x00000058       0x80 ./obj/flash.o
 .debug_ranges  0x000000d8       0x68 ./obj/gpio.o
 .debug_ranges  0x00000140       0x20 ./obj/wdog.o
 .debug_ranges  0x00000160       0x40 ./obj/spi.o
 .debug_ranges  0x000001a0       0x18 ./obj/gec.o
 .debug_ranges  0x000001b8       0x68 ./obj/uart.o
 .debug_ranges  0x00000220       0x98 ./obj/lcd.o
 .debug_ranges  0x000002b8       0x18 ./obj/isr.o
 .debug_ranges  0x000002d0       0x58 ./obj/printf.o
 .debug_ranges  0x00000328       0x20 ./obj/startup_stm32l431rctx.o

.debug_macro    0x00000000     0x20a1
 .debug_macro   0x00000000       0xf0 ./obj/system_stm32l4xx.o
 .debug_macro   0x000000f0       0x87 ./obj/system_stm32l4xx.o
 .debug_macro   0x00000177       0x51 ./obj/system_stm32l4xx.o
 .debug_macro   0x000001c8       0xd8 ./obj/system_stm32l4xx.o
 .debug_macro   0x000002a0       0xe2 ./obj/valueType.o
 .debug_macro   0x00000382       0x10 ./obj/valueType.o
 .debug_macro   0x00000392      0x272 ./obj/main.o
 .debug_macro   0x00000604       0x46 ./obj/main.o
 .debug_macro   0x0000064a      0x32a ./obj/main.o
 .debug_macro   0x00000974       0x9a ./obj/main.o
 .debug_macro   0x00000a0e       0x70 ./obj/main.o
 .debug_macro   0x00000a7e       0x34 ./obj/main.o
 .debug_macro   0x00000ab2       0x34 ./obj/main.o
 .debug_macro   0x00000ae6       0xa6 ./obj/main.o
 .debug_macro   0x00000b8c       0x64 ./obj/main.o
 .debug_macro   0x00000bf0       0x28 ./obj/main.o
 .debug_macro   0x00000c18       0xce ./obj/main.o
 .debug_macro   0x00000ce6       0x94 ./obj/main.o
 .debug_macro   0x00000d7a      0x1d2 ./obj/flash.o
 .debug_macro   0x00000f4c       0x34 ./obj/flash.o
 .debug_macro   0x00000f80      0x1d2 ./obj/gpio.o
 .debug_macro   0x00001152       0x6a ./obj/gpio.o
 .debug_macro   0x000011bc      0x110 ./obj/wdog.o
 .debug_macro   0x000012cc       0x4c ./obj/wdog.o
 .debug_macro   0x00001318       0x1c ./obj/wdog.o
 .debug_macro   0x00001334      0x262 ./obj/spi.o
 .debug_macro   0x00001596      0x262 ./obj/gec.o
 .debug_macro   0x000017f8      0x1d2 ./obj/uart.o
 .debug_macro   0x000019ca      0x266 ./obj/lcd.o
 .debug_macro   0x00001c30       0x2e ./obj/lcd.o
 .debug_macro   0x00001c5e      0x262 ./obj/isr.o
 .debug_macro   0x00001ec0      0x1e1 ./obj/printf.o

.debug_line     0x00000000     0x3cb8
 .debug_line    0x00000000      0x2da ./obj/system_stm32l4xx.o
 .debug_line    0x000002da      0x34c ./obj/valueType.o
 .debug_line    0x00000626      0x52a ./obj/main.o
 .debug_line    0x00000b50      0x53e ./obj/flash.o
 .debug_line    0x0000108e      0x542 ./obj/gpio.o
 .debug_line    0x000015d0      0x2ea ./obj/wdog.o
 .debug_line    0x000018ba      0x5e4 ./obj/spi.o
 .debug_line    0x00001e9e      0x548 ./obj/gec.o
 .debug_line    0x000023e6      0x56d ./obj/uart.o
 .debug_line    0x00002953      0x752 ./obj/lcd.o
 .debug_line    0x000030a5      0x510 ./obj/isr.o
 .debug_line    0x000035b5      0x686 ./obj/printf.o
 .debug_line    0x00003c3b       0x7d ./obj/startup_stm32l431rctx.o

.debug_str      0x00000000    0x839d1
 .debug_str     0x00000000    0x7e8e9 ./obj/system_stm32l4xx.o
                              0x7eaa6 (size before relaxing)
 .debug_str     0x0007e8e9      0x2c1 ./obj/valueType.o
                              0x7e783 (size before relaxing)
 .debug_str     0x0007ebaa     0x4208 ./obj/main.o
                              0x82d26 (size before relaxing)
 .debug_str     0x00082db2      0x116 ./obj/flash.o
                              0x82151 (size before relaxing)
 .debug_str     0x00082ec8      0x580 ./obj/gpio.o
                              0x8278b (size before relaxing)
 .debug_str     0x00083448       0x45 ./obj/wdog.o
                              0x7ed61 (size before relaxing)
 .debug_str     0x0008348d       0xe0 ./obj/spi.o
                              0x83334 (size before relaxing)
 .debug_str     0x0008356d       0x47 ./obj/gec.o
                              0x82d90 (size before relaxing)
 .debug_str     0x000835b4       0xfd ./obj/uart.o
                              0x82673 (size before relaxing)
 .debug_str     0x000836b1      0x141 ./obj/lcd.o
                              0x82e20 (size before relaxing)
 .debug_str     0x000837f2       0x58 ./obj/isr.o
                              0x82d16 (size before relaxing)
 .debug_str     0x0008384a      0x15b ./obj/printf.o
                              0x82397 (size before relaxing)
 .debug_str     0x000839a5       0x2c ./obj/startup_stm32l431rctx.o
                                 0x4f (size before relaxing)

.comment        0x00000000       0x7e
 .comment       0x00000000       0x7e ./obj/system_stm32l4xx.o
                                 0x7f (size before relaxing)
 .comment       0x0000007e       0x7f ./obj/valueType.o
 .comment       0x0000007e       0x7f ./obj/main.o
 .comment       0x0000007e       0x7f ./obj/flash.o
 .comment       0x0000007e       0x7f ./obj/gpio.o
 .comment       0x0000007e       0x7f ./obj/wdog.o
 .comment       0x0000007e       0x7f ./obj/spi.o
 .comment       0x0000007e       0x7f ./obj/gec.o
 .comment       0x0000007e       0x7f ./obj/uart.o
 .comment       0x0000007e       0x7f ./obj/lcd.o
 .comment       0x0000007e       0x7f ./obj/isr.o
 .comment       0x0000007e       0x7f ./obj/printf.o

.debug_frame    0x00000000      0xdf4
 .debug_frame   0x00000000       0x54 ./obj/system_stm32l4xx.o
 .debug_frame   0x00000054       0x98 ./obj/valueType.o
 .debug_frame   0x000000ec       0x48 ./obj/main.o
 .debug_frame   0x00000134      0x130 ./obj/flash.o
 .debug_frame   0x00000264      0x180 ./obj/gpio.o
 .debug_frame   0x000003e4       0x40 ./obj/wdog.o
 .debug_frame   0x00000424       0xdc ./obj/spi.o
 .debug_frame   0x00000500       0x54 ./obj/gec.o
 .debug_frame   0x00000554      0x164 ./obj/uart.o
 .debug_frame   0x000006b8      0x244 ./obj/lcd.o
 .debug_frame   0x000008fc       0x50 ./obj/isr.o
 .debug_frame   0x0000094c      0x17c ./obj/printf.o
 .debug_frame   0x00000ac8       0x2c d:/ahl-gec-ide(4.42)/gcc/bin/../lib/gcc/arm-none-eabi/7.2.1/../../../../arm-none-eabi/lib/thumb/v7e-m/fpv4-sp/hard\libc_nano.a(lib_a-init.o)
 .debug_frame   0x00000af4       0x28 d:/ahl-gec-ide(4.42)/gcc/bin/../lib/gcc/arm-none-eabi/7.2.1/../../../../arm-none-eabi/lib/thumb/v7e-m/fpv4-sp/hard\libc_nano.a(lib_a-memcpy-stub.o)
 .debug_frame   0x00000b1c       0x20 d:/ahl-gec-ide(4.42)/gcc/bin/../lib/gcc/arm-none-eabi/7.2.1/../../../../arm-none-eabi/lib/thumb/v7e-m/fpv4-sp/hard\libc_nano.a(lib_a-memset.o)
 .debug_frame   0x00000b3c       0xac d:/ahl-gec-ide(4.42)/gcc/bin/../lib/gcc/arm-none-eabi/7.2.1/thumb/v7e-m/fpv4-sp/hard\libgcc.a(_arm_addsubdf3.o)
 .debug_frame   0x00000be8       0x50 d:/ahl-gec-ide(4.42)/gcc/bin/../lib/gcc/arm-none-eabi/7.2.1/thumb/v7e-m/fpv4-sp/hard\libgcc.a(_arm_muldivdf3.o)
 .debug_frame   0x00000c38       0xc4 d:/ahl-gec-ide(4.42)/gcc/bin/../lib/gcc/arm-none-eabi/7.2.1/thumb/v7e-m/fpv4-sp/hard\libgcc.a(_arm_cmpdf2.o)
 .debug_frame   0x00000cfc       0x24 d:/ahl-gec-ide(4.42)/gcc/bin/../lib/gcc/arm-none-eabi/7.2.1/thumb/v7e-m/fpv4-sp/hard\libgcc.a(_arm_fixdfsi.o)
 .debug_frame   0x00000d20       0x24 d:/ahl-gec-ide(4.42)/gcc/bin/../lib/gcc/arm-none-eabi/7.2.1/thumb/v7e-m/fpv4-sp/hard\libgcc.a(_arm_fixunsdfsi.o)
 .debug_frame   0x00000d44       0x24 d:/ahl-gec-ide(4.42)/gcc/bin/../lib/gcc/arm-none-eabi/7.2.1/thumb/v7e-m/fpv4-sp/hard\libgcc.a(_arm_truncdfsf2.o)
 .debug_frame   0x00000d68       0x2c d:/ahl-gec-ide(4.42)/gcc/bin/../lib/gcc/arm-none-eabi/7.2.1/thumb/v7e-m/fpv4-sp/hard\libgcc.a(_aeabi_uldivmod.o)
 .debug_frame   0x00000d94       0x2c d:/ahl-gec-ide(4.42)/gcc/bin/../lib/gcc/arm-none-eabi/7.2.1/thumb/v7e-m/fpv4-sp/hard\libgcc.a(_fixunsdfdi.o)
 .debug_frame   0x00000dc0       0x34 d:/ahl-gec-ide(4.42)/gcc/bin/../lib/gcc/arm-none-eabi/7.2.1/thumb/v7e-m/fpv4-sp/hard\libgcc.a(_udivmoddi4.o)
