ipc.c:220:10:rt_sem_init	16	static
ipc.c:253:10:rt_sem_detach	16	static
ipc.c:282:10:rt_sem_create	16	static
ipc.c:316:10:rt_sem_delete	16	static
ipc.c:345:10:rt_sem_take	32	static
ipc.c:440:10:rt_sem_trytake	8	static
ipc.c:454:10:rt_sem_release	16	static
ipc.c:504:10:rt_sem_control	24	static
ipc.c:551:10:rt_mutex_init	16	static
ipc.c:583:10:rt_mutex_detach	16	static
ipc.c:611:12:rt_mutex_create	8	static
ipc.c:646:10:rt_mutex_delete	16	static
ipc.c:675:10:rt_mutex_take	32	static
ipc.c:811:10:rt_mutex_release	16	static
ipc.c:914:10:rt_mutex_control	0	static
ipc.c:936:10:rt_event_init	16	static
ipc.c:964:10:rt_event_detach	16	static
ipc.c:991:12:rt_event_create	8	static
ipc.c:1022:10:rt_event_delete	16	static
ipc.c:1052:10:rt_event_send	24	static
ipc.c:1186:10:rt_event_recv	32	static
ipc.c:1323:10:rt_event_control	24	static
ipc.c:1368:10:rt_mb_init	16	static
ipc.c:1406:10:rt_mb_detach	16	static
ipc.c:1435:14:rt_mb_create	16	static
ipc.c:1480:10:rt_mb_delete	16	static
ipc.c:1516:10:rt_mb_send_wait	40	static
ipc.c:1648:10:rt_mb_send	8	static
ipc.c:1664:10:rt_mb_recv	40	static
ipc.c:1800:10:rt_mb_control	24	static
ipc.c:1855:10:rt_mq_init	16	static
ipc.c:1912:10:rt_mq_detach	16	static
ipc.c:2005:10:rt_mq_delete	16	static
ipc.c:1940:9:rt_mq_create	24	static
ipc.c:2046:10:rt_mq_send	24	static
ipc.c:2163:10:rt_mq_urgent	24	static
ipc.c:2258:10:rt_mq_recv	48	static
ipc.c:2427:10:rt_mq_control	24	static
