kservice.c:605:14:print_number	48	static
kservice.c:49:10:rt_get_errno	8	static
kservice.c:72:6:rt_set_errno	8	static
kservice.c:101:6:_rt_errno	8	static
kservice.c:125:7:rt_memset	4	static
kservice.c:209:7:rt_memcpy	4	static
kservice.c:292:7:rt_memmove	4	static
kservice.c:323:12:rt_memcmp	4	static
kservice.c:372:13:rt_strcasecmp	12	static
kservice.c:400:7:rt_strncpy	8	static
kservice.c:432:12:rt_strncmp	8	static
kservice.c:455:12:rt_strcmp	0	static
kservice.c:475:11:rt_strnlen	0	static
kservice.c:494:11:rt_strlen	0	static
kservice.c:344:7:rt_strstr	24	static
kservice.c:513:7:rt_strdup	16	static
kservice.c:776:12:rt_vsnprintf	64	static
kservice.c:1049:12:rt_snprintf	16	static
kservice.c:1069:12:rt_vsprintf	8	static
kservice.c:1081:12:rt_sprintf	12	static
kservice.c:1144:14:rt_hw_console_output	0	static
kservice.c:1156:6:rt_kputs	8	static
kservice.c:1183:6:rt_kprintf	16	static
kservice.c:534:6:rt_show_version	16	static
kservice.c:1229:7:rt_malloc_align	8	static
kservice.c:1270:6:rt_free_align	8	static
kservice.c:1311:5:__rt_ffs	0	static
