lcd.c:358:10:mypow	0	static
lcd.c:365:6:LCD_WR_DATA8	8	static
lcd.c:375:6:LCD_WR_DATA	8	static
lcd.c:386:6:LCD_WR_REG	8	static
lcd.c:397:6:LCD_WR_REG_DATA	8	static
lcd.c:402:6:Address_set	24	static
lcd.c:66:6:LCD_Clear	16	static
lcd.c:84:6:LCD_DrawPoint	8	static
lcd.c:112:6:LCD_DrawCircle	64	static
lcd.c:293:6:LCD_DrawLine	56	static
lcd.c:153:6:LCD_DrawRectangle	32	static
lcd.c:170:6:LCD_ShowCharactor	24	static
lcd.c:199:6:LCD_ShowString	56	static
lcd.c:337:6:LCD_DrawSurface	32	static
lcd.c:99:6:LCD_DrawPoint_big	16	static
lcd.c:257:6:LCD_aotu	64	static
lcd.c:426:6:LCD_Dly_ms	0	static
lcd.c:29:6:LCD_Init	16	static
