timer.c:80:13:_rt_timer_init	4	static
timer.c:108:18:rt_timer_list_next_timeout	0	static
timer.c:178:6:rt_timer_init	24	static
timer.c:202:10:rt_timer_detach	16	static
timer.c:237:12:rt_timer_create	32	static
timer.c:265:10:rt_timer_delete	16	static
timer.c:296:10:rt_timer_start	24	static
timer.c:422:10:rt_timer_stop	16	static
timer.c:459:10:rt_timer_control	0	static
timer.c:494:6:rt_timer_check	24	static
timer.c:560:11:rt_timer_next_timeout_tick	8	static
timer.c:679:6:rt_system_timer_init	0	static
timer.c:694:6:rt_system_timer_thread_init	0	static
